
> frontend@0.0.0 build
> vite build

[36mvite v5.4.21 [32mbuilding for production...[36m[39m
transforming...
[32m✓[39m 4435 modules transformed.
rendering chunks...
computing gzip size...
[2mdist/[22m[32mindex.html                                       [39m[1m[2m    0.71 kB[22m[1m[22m[2m │ gzip:     0.36 kB[22m
[2mdist/[22m[32massets/KaTeX_Size3-Regular-CTq5MqoE.woff         [39m[1m[2m    4.42 kB[22m[1m[22m
[2mdist/[22m[32massets/KaTeX_Size4-Regular-Dl5lxZxV.woff2        [39m[1m[2m    4.93 kB[22m[1m[22m
[2mdist/[22m[32massets/KaTeX_Size2-Regular-Dy4dx90m.woff2        [39m[1m[2m    5.21 kB[22m[1m[22m
[2mdist/[22m[32massets/KaTeX_Size1-Regular-mCD8mA8B.woff2        [39m[1m[2m    5.47 kB[22m[1m[22m
[2mdist/[22m[32massets/KaTeX_Size4-Regular-BF-4gkZK.woff         [39m[1m[2m    5.98 kB[22m[1m[22m
[2mdist/[22m[32massets/KaTeX_Size2-Regular-oD1tc_U0.woff         [39m[1m[2m    6.19 kB[22m[1m[22m
[2mdist/[22m[32massets/KaTeX_Size1-Regular-C195tn64.woff         [39m[1m[2m    6.50 kB[22m[1m[22m
[2mdist/[22m[32massets/KaTeX_Caligraphic-Regular-Di6jR-x-.woff2  [39m[1m[2m    6.91 kB[22m[1m[22m
[2mdist/[22m[32massets/KaTeX_Caligraphic-Bold-Dq_IR9rO.woff2     [39m[1m[2m    6.91 kB[22m[1m[22m
[2mdist/[22m[32massets/KaTeX_Size3-Regular-DgpXs0kz.ttf          [39m[1m[2m    7.59 kB[22m[1m[22m
[2mdist/[22m[32massets/KaTeX_Caligraphic-Regular-CTRA-rTL.woff   [39m[1m[2m    7.66 kB[22m[1m[22m
[2mdist/[22m[32massets/KaTeX_Caligraphic-Bold-BEiXGLvX.woff      [39m[1m[2m    7.72 kB[22m[1m[22m
[2mdist/[22m[32massets/KaTeX_Script-Regular-D3wIWfF6.woff2       [39m[1m[2m    9.64 kB[22m[1m[22m
[2mdist/[22m[32massets/KaTeX_SansSerif-Regular-DDBCnlJ7.woff2    [39m[1m[2m   10.34 kB[22m[1m[22m
[2mdist/[22m[32massets/KaTeX_Size4-Regular-DWFBv043.ttf          [39m[1m[2m   10.36 kB[22m[1m[22m
[2mdist/[22m[32massets/KaTeX_Script-Regular-D5yQViql.woff        [39m[1m[2m   10.59 kB[22m[1m[22m
[2mdist/[22m[32massets/KaTeX_Fraktur-Regular-CTYiF6lA.woff2      [39m[1m[2m   11.32 kB[22m[1m[22m
[2mdist/[22m[32massets/KaTeX_Fraktur-Bold-CL6g_b3V.woff2         [39m[1m[2m   11.35 kB[22m[1m[22m
[2mdist/[22m[32massets/KaTeX_Size2-Regular-B7gKUWhC.ttf          [39m[1m[2m   11.51 kB[22m[1m[22m
[2mdist/[22m[32massets/KaTeX_SansSerif-Italic-C3H0VqGB.woff2     [39m[1m[2m   12.03 kB[22m[1m[22m
[2mdist/[22m[32massets/KaTeX_SansSerif-Bold-D1sUS0GD.woff2       [39m[1m[2m   12.22 kB[22m[1m[22m
[2mdist/[22m[32massets/KaTeX_Size1-Regular-Dbsnue_I.ttf          [39m[1m[2m   12.23 kB[22m[1m[22m
[2mdist/[22m[32massets/KaTeX_SansSerif-Regular-CS6fqUqJ.woff     [39m[1m[2m   12.32 kB[22m[1m[22m
[2mdist/[22m[32massets/KaTeX_Caligraphic-Regular-wX97UBjC.ttf    [39m[1m[2m   12.34 kB[22m[1m[22m
[2mdist/[22m[32massets/KaTeX_Caligraphic-Bold-ATXxdsX0.ttf       [39m[1m[2m   12.37 kB[22m[1m[22m
[2mdist/[22m[32massets/KaTeX_Fraktur-Regular-Dxdc4cR9.woff       [39m[1m[2m   13.21 kB[22m[1m[22m
[2mdist/[22m[32massets/KaTeX_Fraktur-Bold-BsDP51OF.woff          [39m[1m[2m   13.30 kB[22m[1m[22m
[2mdist/[22m[32massets/KaTeX_Typewriter-Regular-CO6r4hn1.woff2   [39m[1m[2m   13.57 kB[22m[1m[22m
[2mdist/[22m[32massets/KaTeX_SansSerif-Italic-DN2j7dab.woff      [39m[1m[2m   14.11 kB[22m[1m[22m
[2mdist/[22m[32massets/KaTeX_SansSerif-Bold-DbIhKOiC.woff        [39m[1m[2m   14.41 kB[22m[1m[22m
[2mdist/[22m[32massets/KaTeX_Typewriter-Regular-C0xS9mPB.woff    [39m[1m[2m   16.03 kB[22m[1m[22m
[2mdist/[22m[32massets/KaTeX_Math-BoldItalic-CZnvNsCZ.woff2      [39m[1m[2m   16.40 kB[22m[1m[22m
[2mdist/[22m[32massets/KaTeX_Math-Italic-t53AETM-.woff2          [39m[1m[2m   16.44 kB[22m[1m[22m
[2mdist/[22m[32massets/KaTeX_Script-Regular-C5JkGWo-.ttf         [39m[1m[2m   16.65 kB[22m[1m[22m
[2mdist/[22m[32massets/KaTeX_Main-BoldItalic-DxDJ3AOS.woff2      [39m[1m[2m   16.78 kB[22m[1m[22m
[2mdist/[22m[32massets/KaTeX_Main-Italic-NWA7e6Wa.woff2          [39m[1m[2m   16.99 kB[22m[1m[22m
[2mdist/[22m[32massets/KaTeX_Math-BoldItalic-iY-2wyZ7.woff       [39m[1m[2m   18.67 kB[22m[1m[22m
[2mdist/[22m[32massets/KaTeX_Math-Italic-DA0__PXp.woff           [39m[1m[2m   18.75 kB[22m[1m[22m
[2mdist/[22m[32massets/KaTeX_Main-BoldItalic-SpSLRI95.woff       [39m[1m[2m   19.41 kB[22m[1m[22m
[2mdist/[22m[32massets/KaTeX_SansSerif-Regular-BNo7hRIc.ttf      [39m[1m[2m   19.44 kB[22m[1m[22m
[2mdist/[22m[32massets/KaTeX_Fraktur-Regular-CB_wures.ttf        [39m[1m[2m   19.57 kB[22m[1m[22m
[2mdist/[22m[32massets/KaTeX_Fraktur-Bold-BdnERNNW.ttf           [39m[1m[2m   19.58 kB[22m[1m[22m
[2mdist/[22m[32massets/KaTeX_Main-Italic-BMLOBm91.woff           [39m[1m[2m   19.68 kB[22m[1m[22m
[2mdist/[22m[32massets/KaTeX_SansSerif-Italic-YYjJ1zSn.ttf       [39m[1m[2m   22.36 kB[22m[1m[22m
[2mdist/[22m[32massets/KaTeX_SansSerif-Bold-CFMepnvq.ttf         [39m[1m[2m   24.50 kB[22m[1m[22m
[2mdist/[22m[32massets/KaTeX_Main-Bold-Cx986IdX.woff2            [39m[1m[2m   25.32 kB[22m[1m[22m
[2mdist/[22m[32massets/KaTeX_Main-Regular-B22Nviop.woff2         [39m[1m[2m   26.27 kB[22m[1m[22m
[2mdist/[22m[32massets/KaTeX_Typewriter-Regular-D3Ib7_Hf.ttf     [39m[1m[2m   27.56 kB[22m[1m[22m
[2mdist/[22m[32massets/KaTeX_AMS-Regular-BQhdFMY1.woff2          [39m[1m[2m   28.08 kB[22m[1m[22m
[2mdist/[22m[32massets/KaTeX_Main-Bold-Jm3AIy58.woff             [39m[1m[2m   29.91 kB[22m[1m[22m
[2mdist/[22m[32massets/KaTeX_Main-Regular-Dr94JaBh.woff          [39m[1m[2m   30.77 kB[22m[1m[22m
[2mdist/[22m[32massets/KaTeX_Math-BoldItalic-B3XSjfu4.ttf        [39m[1m[2m   31.20 kB[22m[1m[22m
[2mdist/[22m[32massets/KaTeX_Math-Italic-flOr_0UB.ttf            [39m[1m[2m   31.31 kB[22m[1m[22m
[2mdist/[22m[32massets/KaTeX_Main-BoldItalic-DzxPMmG6.ttf        [39m[1m[2m   32.97 kB[22m[1m[22m
[2mdist/[22m[32massets/KaTeX_AMS-Regular-DMm9YOAa.woff           [39m[1m[2m   33.52 kB[22m[1m[22m
[2mdist/[22m[32massets/KaTeX_Main-Italic-3WenGoN9.ttf            [39m[1m[2m   33.58 kB[22m[1m[22m
[2mdist/[22m[32massets/KaTeX_Main-Bold-waoOVXN0.ttf              [39m[1m[2m   51.34 kB[22m[1m[22m
[2mdist/[22m[32massets/KaTeX_Main-Regular-ypZvNtVU.ttf           [39m[1m[2m   53.58 kB[22m[1m[22m
[2mdist/[22m[32massets/KaTeX_AMS-Regular-DRggAlZN.ttf            [39m[1m[2m   63.63 kB[22m[1m[22m
[2mdist/[22m[35massets/PassageGroupWizard-dRWncRqa.css           [39m[1m[2m   29.23 kB[22m[1m[22m[2m │ gzip:     8.04 kB[22m
[2mdist/[22m[35massets/vendor-plotly-Twyd4PtP.css                [39m[1m[2m   69.96 kB[22m[1m[22m[2m │ gzip:    10.06 kB[22m
[2mdist/[22m[35massets/index-GDSb0bEY.css                        [39m[1m[2m  131.57 kB[22m[1m[22m[2m │ gzip:    18.07 kB[22m
[2mdist/[22m[36massets/Skeleton-OTNO5_Qz.js                      [39m[1m[2m    0.24 kB[22m[1m[22m[2m │ gzip:     0.20 kB[22m
[2mdist/[22m[36massets/chevron-right-BfYz1W76.js                 [39m[1m[2m    0.30 kB[22m[1m[22m[2m │ gzip:     0.25 kB[22m
[2mdist/[22m[36massets/statistics-DiYmIKlT.js                    [39m[1m[2m    0.32 kB[22m[1m[22m[2m │ gzip:     0.18 kB[22m
[2mdist/[22m[36massets/plus-BEPmEGNi.js                          [39m[1m[2m    0.33 kB[22m[1m[22m[2m │ gzip:     0.26 kB[22m
[2mdist/[22m[36massets/PageTransition-DuIFLYGs.js                [39m[1m[2m    0.33 kB[22m[1m[22m[2m │ gzip:     0.25 kB[22m
[2mdist/[22m[36massets/arrow-left-DZJkcw8v.js                    [39m[1m[2m    0.34 kB[22m[1m[22m[2m │ gzip:     0.27 kB[22m
[2mdist/[22m[36massets/clock-DefLeGoZ.js                         [39m[1m[2m    0.34 kB[22m[1m[22m[2m │ gzip:     0.27 kB[22m
[2mdist/[22m[36massets/trending-up-BvCn5V3a.js                   [39m[1m[2m    0.35 kB[22m[1m[22m[2m │ gzip:     0.27 kB[22m
[2mdist/[22m[36massets/circle-check-BBwD1EJb.js                  [39m[1m[2m    0.35 kB[22m[1m[22m[2m │ gzip:     0.27 kB[22m
[2mdist/[22m[36massets/user-DnMfESu2.js                          [39m[1m[2m    0.37 kB[22m[1m[22m[2m │ gzip:     0.29 kB[22m
[2mdist/[22m[36massets/chart-no-axes-column-CDEuTBDW.js          [39m[1m[2m    0.38 kB[22m[1m[22m[2m │ gzip:     0.28 kB[22m
[2mdist/[22m[36massets/lock-9aBn1rqL.js                          [39m[1m[2m    0.38 kB[22m[1m[22m[2m │ gzip:     0.30 kB[22m
[2mdist/[22m[36massets/circle-x-Cj4zP_bi.js                      [39m[1m[2m    0.38 kB[22m[1m[22m[2m │ gzip:     0.28 kB[22m
[2mdist/[22m[36massets/target-ezcZPpTk.js                        [39m[1m[2m    0.40 kB[22m[1m[22m[2m │ gzip:     0.27 kB[22m
[2mdist/[22m[36massets/activity-BUeeONUs.js                      [39m[1m[2m    0.41 kB[22m[1m[22m[2m │ gzip:     0.30 kB[22m
[2mdist/[22m[36massets/database-djr-aP38.js                      [39m[1m[2m    0.42 kB[22m[1m[22m[2m │ gzip:     0.30 kB[22m
[2mdist/[22m[36massets/calendar-CcCB7GSN.js                      [39m[1m[2m    0.43 kB[22m[1m[22m[2m │ gzip:     0.30 kB[22m
[2mdist/[22m[36massets/eye-BOvWmR9v.js                           [39m[1m[2m    0.43 kB[22m[1m[22m[2m │ gzip:     0.30 kB[22m
[2mdist/[22m[36massets/pen-line-CCJb9Lpb.js                      [39m[1m[2m    0.45 kB[22m[1m[22m[2m │ gzip:     0.33 kB[22m
[2mdist/[22m[36massets/inbox-DvnQGLnA.js                         [39m[1m[2m    0.46 kB[22m[1m[22m[2m │ gzip:     0.33 kB[22m
[2mdist/[22m[36massets/book-open-DzujJ4iz.js                     [39m[1m[2m    0.46 kB[22m[1m[22m[2m │ gzip:     0.32 kB[22m
[2mdist/[22m[36massets/send-D1E8GRx-.js                          [39m[1m[2m    0.46 kB[22m[1m[22m[2m │ gzip:     0.33 kB[22m
[2mdist/[22m[36massets/layout-grid-DS8mam8R.js                   [39m[1m[2m    0.52 kB[22m[1m[22m[2m │ gzip:     0.30 kB[22m
[2mdist/[22m[36massets/layers-o6KiSQML.js                        [39m[1m[2m    0.59 kB[22m[1m[22m[2m │ gzip:     0.34 kB[22m
[2mdist/[22m[36massets/passages-B7lbc-3j.js                      [39m[1m[2m    0.62 kB[22m[1m[22m[2m │ gzip:     0.27 kB[22m
[2mdist/[22m[36massets/sparkles-BzwfYxYG.js                      [39m[1m[2m    0.67 kB[22m[1m[22m[2m │ gzip:     0.39 kB[22m
[2mdist/[22m[36massets/knowledge-DdrKUd2v.js                     [39m[1m[2m    0.70 kB[22m[1m[22m[2m │ gzip:     0.31 kB[22m
[2mdist/[22m[36massets/admin-Dyby-U9o.js                         [39m[1m[2m    0.87 kB[22m[1m[22m[2m │ gzip:     0.37 kB[22m
[2mdist/[22m[36massets/Badge-C538TXQa.js                         [39m[1m[2m    0.97 kB[22m[1m[22m[2m │ gzip:     0.44 kB[22m
[2mdist/[22m[36massets/Input-B_5utmMG.js                         [39m[1m[2m    1.24 kB[22m[1m[22m[2m │ gzip:     0.60 kB[22m
[2mdist/[22m[36massets/matrix-CJ71x3K3.js                        [39m[1m[2m    1.35 kB[22m[1m[22m[2m │ gzip:     0.40 kB[22m
[2mdist/[22m[36massets/MaintenanceScreen-RY-FLvK5.js             [39m[1m[2m    1.36 kB[22m[1m[22m[2m │ gzip:     0.71 kB[22m
[2mdist/[22m[36massets/Modal-h2MZ6ba7.js                         [39m[1m[2m    1.43 kB[22m[1m[22m[2m │ gzip:     0.73 kB[22m
[2mdist/[22m[36massets/Select-l380fOrQ.js                        [39m[1m[2m    1.43 kB[22m[1m[22m[2m │ gzip:     0.72 kB[22m
[2mdist/[22m[36massets/Card-B-yf15XI.js                          [39m[1m[2m    1.44 kB[22m[1m[22m[2m │ gzip:     0.60 kB[22m
[2mdist/[22m[36massets/ConfirmDialog-CmXPab9A.js                 [39m[1m[2m    1.46 kB[22m[1m[22m[2m │ gzip:     0.71 kB[22m
[2mdist/[22m[36massets/exams-G7IURT8C.js                         [39m[1m[2m    1.92 kB[22m[1m[22m[2m │ gzip:     0.80 kB[22m
[2mdist/[22m[36massets/questions-DAwEV1Zp.js                     [39m[1m[2m    2.08 kB[22m[1m[22m[2m │ gzip:     0.74 kB[22m
[2mdist/[22m[36massets/PassageFormPage-CBASOiOg.js               [39m[1m[2m    3.62 kB[22m[1m[22m[2m │ gzip:     1.57 kB[22m
[2mdist/[22m[36massets/SystemSettingsPage-D61D-OBJ.js            [39m[1m[2m    3.79 kB[22m[1m[22m[2m │ gzip:     1.65 kB[22m
[2mdist/[22m[36massets/StudentComparePage-DazOGlFh.js            [39m[1m[2m    3.95 kB[22m[1m[22m[2m │ gzip:     1.83 kB[22m
[2mdist/[22m[36massets/MatrixPage-8sqDgSkC.js                    [39m[1m[2m    4.16 kB[22m[1m[22m[2m │ gzip:     1.87 kB[22m
[2mdist/[22m[36massets/ExamFormPage-D6f0OO_q.js                  [39m[1m[2m    4.28 kB[22m[1m[22m[2m │ gzip:     1.76 kB[22m
[2mdist/[22m[36massets/LoginPage-BFcvFDuR.js                     [39m[1m[2m    4.85 kB[22m[1m[22m[2m │ gzip:     2.15 kB[22m
[2mdist/[22m[36massets/ExamsPage-ShFSxUrY.js                     [39m[1m[2m    4.92 kB[22m[1m[22m[2m │ gzip:     2.16 kB[22m
[2mdist/[22m[36massets/GuestPage-CMTHrw_F.js                     [39m[1m[2m    5.69 kB[22m[1m[22m[2m │ gzip:     2.25 kB[22m
[2mdist/[22m[36massets/StudentFeedbackModal-t2WAKhK9.js          [39m[1m[2m    5.83 kB[22m[1m[22m[2m │ gzip:     2.20 kB[22m
[2mdist/[22m[36massets/DataTable-5UiztCtC.js                     [39m[1m[2m    6.28 kB[22m[1m[22m[2m │ gzip:     1.87 kB[22m
[2mdist/[22m[36massets/MarkdownEditor-kY2vtkzN.js                [39m[1m[2m    6.45 kB[22m[1m[22m[2m │ gzip:     2.11 kB[22m
[2mdist/[22m[36massets/ForgotPasswordPage-Bvy5bJ3h.js            [39m[1m[2m    6.77 kB[22m[1m[22m[2m │ gzip:     2.49 kB[22m
[2mdist/[22m[36massets/StudentDetailPage-aESlJBR7.js             [39m[1m[2m    6.90 kB[22m[1m[22m[2m │ gzip:     2.33 kB[22m
[2mdist/[22m[36massets/OmrPage-C3MeN-co.js                       [39m[1m[2m    7.31 kB[22m[1m[22m[2m │ gzip:     2.80 kB[22m
[2mdist/[22m[36massets/KnowledgeNodeSelector-CCFYb5cm.js         [39m[1m[2m    8.06 kB[22m[1m[22m[2m │ gzip:     2.64 kB[22m
[2mdist/[22m[36massets/AdminNotificationsPage-O0tsUJHZ.js        [39m[1m[2m    8.44 kB[22m[1m[22m[2m │ gzip:     3.20 kB[22m
[2mdist/[22m[36massets/DashboardPage-BbiLo4Fb.js                 [39m[1m[2m    8.87 kB[22m[1m[22m[2m │ gzip:     3.15 kB[22m
[2mdist/[22m[36massets/StudentHomePage-opwhyN4Z.js               [39m[1m[2m    8.92 kB[22m[1m[22m[2m │ gzip:     3.05 kB[22m
[2mdist/[22m[36massets/MatrixDetailPage-Db8U7z4o.js              [39m[1m[2m    9.03 kB[22m[1m[22m[2m │ gzip:     3.44 kB[22m
[2mdist/[22m[36massets/useQuery-D7tzRbXg.js                      [39m[1m[2m   10.51 kB[22m[1m[22m[2m │ gzip:     3.74 kB[22m
[2mdist/[22m[36massets/AdminFeedbacksPage-CfGp5dBL.js            [39m[1m[2m   11.05 kB[22m[1m[22m[2m │ gzip:     3.40 kB[22m
[2mdist/[22m[36massets/StudentManagementPage-9XnvTnWe.js         [39m[1m[2m   11.69 kB[22m[1m[22m[2m │ gzip:     3.50 kB[22m
[2mdist/[22m[36massets/AccessControlPage-CvKRSqdf.js             [39m[1m[2m   14.55 kB[22m[1m[22m[2m │ gzip:     3.75 kB[22m
[2mdist/[22m[36massets/ExamDetailPage-BAF9_QfX.js                [39m[1m[2m   15.32 kB[22m[1m[22m[2m │ gzip:     4.72 kB[22m
[2mdist/[22m[36massets/StudentExamResultPage-DqTpY0jv.js         [39m[1m[2m   15.76 kB[22m[1m[22m[2m │ gzip:     4.68 kB[22m
[2mdist/[22m[36massets/QuestionFormPage-DPPycXLg.js              [39m[1m[2m   17.65 kB[22m[1m[22m[2m │ gzip:     5.33 kB[22m
[2mdist/[22m[36massets/ResourcesPage-CSoGwsN4.js                 [39m[1m[2m   18.37 kB[22m[1m[22m[2m │ gzip:     5.94 kB[22m
[2mdist/[22m[36massets/AdvancedAnalyticsPage-DH4WjDLR.js         [39m[1m[2m   19.66 kB[22m[1m[22m[2m │ gzip:     4.76 kB[22m
[2mdist/[22m[36massets/QuestionsPage-CwXlLt7o.js                 [39m[1m[2m   26.91 kB[22m[1m[22m[2m │ gzip:     7.50 kB[22m
[2mdist/[22m[36massets/MatrixFormPage-CIwZ21PG.js                [39m[1m[2m   59.65 kB[22m[1m[22m[2m │ gzip:    16.68 kB[22m
[2mdist/[22m[36massets/vendor-motion-ConZYTTS.js                 [39m[1m[2m  139.22 kB[22m[1m[22m[2m │ gzip:    45.92 kB[22m
[2mdist/[22m[36massets/index-DaNDGQ4N.js                         [39m[1m[2m  160.67 kB[22m[1m[22m[2m │ gzip:    49.00 kB[22m
[2mdist/[22m[36massets/KnowledgePage-DRVH-R-s.js                 [39m[1m[2m  213.40 kB[22m[1m[22m[2m │ gzip:    66.89 kB[22m
[2mdist/[22m[36massets/StudentExamShell-0ZKM-rK9.js              [39m[1m[2m  213.83 kB[22m[1m[22m[2m │ gzip:    70.72 kB[22m
[2mdist/[22m[36massets/supabase-D8wNaIrm.js                      [39m[1m[2m  220.12 kB[22m[1m[22m[2m │ gzip:    57.61 kB[22m
[2mdist/[22m[36massets/index-2ih2GilC.js                         [39m[1m[2m  234.04 kB[22m[1m[22m[2m │ gzip:    76.90 kB[22m
[2mdist/[22m[36massets/PassageGroupWizard-0Kiug2MS.js            [39m[1m[2m  289.27 kB[22m[1m[22m[2m │ gzip:    88.31 kB[22m
[2mdist/[22m[36massets/vendor-charts-zzi18ae0.js                 [39m[1m[2m  419.19 kB[22m[1m[22m[2m │ gzip:   120.32 kB[22m
[2mdist/[22m[36massets/vendor-editor-CzIPHDpa.js                 [39m[1m[33m  722.42 kB[39m[22m[2m │ gzip:   246.30 kB[22m
[2mdist/[22m[36massets/vendor-plotly-r5KbBbix.js                 [39m[1m[33m4,330.93 kB[39m[22m[2m │ gzip: 1,341.15 kB[22m
[33m
(!) Some chunks are larger than 600 kB after minification. Consider:
- Using dynamic import() to code-split the application
- Use build.rollupOptions.output.manualChunks to improve chunking: https://rollupjs.org/configuration-options/#output-manualchunks
- Adjust chunk size limit for this warning via build.chunkSizeWarningLimit.[39m
[32m✓ built in 2m 6s[39m
