INFO:     Started server process [19612]
INFO:     Waiting for application startup.
INFO:     Application startup complete.
INFO:     Uvicorn running on http://127.0.0.1:8000 (Press CTRL+C to quit)
ERROR:root:Token unverified header: {'alg': 'ES256', 'kid': 'e3bd9413-6321-409c-a209-f18d6307bdb4', 'typ': 'JWT'}
ERROR:root:Token unverified header: {'alg': 'ES256', 'kid': 'e3bd9413-6321-409c-a209-f18d6307bdb4', 'typ': 'JWT'}
ERROR:root:Token unverified header: {'alg': 'ES256', 'kid': 'e3bd9413-6321-409c-a209-f18d6307bdb4', 'typ': 'JWT'}
ERROR:root:Token unverified header: {'alg': 'ES256', 'kid': 'e3bd9413-6321-409c-a209-f18d6307bdb4', 'typ': 'JWT'}
ERROR:root:Token unverified header: {'alg': 'ES256', 'kid': 'e3bd9413-6321-409c-a209-f18d6307bdb4', 'typ': 'JWT'}
ERROR:root:Token unverified header: {'alg': 'ES256', 'kid': 'e3bd9413-6321-409c-a209-f18d6307bdb4', 'typ': 'JWT'}
ERROR:root:Token unverified header: {'alg': 'ES256', 'kid': 'e3bd9413-6321-409c-a209-f18d6307bdb4', 'typ': 'JWT'}
ERROR:root:Token unverified header: {'alg': 'ES256', 'kid': 'e3bd9413-6321-409c-a209-f18d6307bdb4', 'typ': 'JWT'}
ERROR:root:Token unverified header: {'alg': 'ES256', 'kid': 'e3bd9413-6321-409c-a209-f18d6307bdb4', 'typ': 'JWT'}
ERROR:root:Token unverified header: {'alg': 'ES256', 'kid': 'e3bd9413-6321-409c-a209-f18d6307bdb4', 'typ': 'JWT'}
ERROR:root:Token unverified header: {'alg': 'ES256', 'kid': 'e3bd9413-6321-409c-a209-f18d6307bdb4', 'typ': 'JWT'}
ERROR:root:Token unverified header: {'alg': 'ES256', 'kid': 'e3bd9413-6321-409c-a209-f18d6307bdb4', 'typ': 'JWT'}
ERROR:root:Token unverified header: {'alg': 'ES256', 'kid': 'e3bd9413-6321-409c-a209-f18d6307bdb4', 'typ': 'JWT'}
ERROR:root:Token unverified header: {'alg': 'ES256', 'kid': 'e3bd9413-6321-409c-a209-f18d6307bdb4', 'typ': 'JWT'}
ERROR:root:Token unverified header: {'alg': 'ES256', 'kid': 'e3bd9413-6321-409c-a209-f18d6307bdb4', 'typ': 'JWT'}
ERROR:root:Token unverified header: {'alg': 'ES256', 'kid': 'e3bd9413-6321-409c-a209-f18d6307bdb4', 'typ': 'JWT'}
ERROR:root:Token unverified header: {'alg': 'ES256', 'kid': 'e3bd9413-6321-409c-a209-f18d6307bdb4', 'typ': 'JWT'}
ERROR:root:Token unverified header: {'alg': 'ES256', 'kid': 'e3bd9413-6321-409c-a209-f18d6307bdb4', 'typ': 'JWT'}
ERROR:root:Token unverified header: {'alg': 'ES256', 'kid': 'e3bd9413-6321-409c-a209-f18d6307bdb4', 'typ': 'JWT'}
INFO:     ('127.0.0.1', 61430) - "WebSocket /ws/online" [accepted]
INFO:     connection open
ERROR:root:Token unverified header: {'alg': 'ES256', 'kid': 'e3bd9413-6321-409c-a209-f18d6307bdb4', 'typ': 'JWT'}
ERROR:asyncio:Exception in callback _ProactorBasePipeTransport._call_connection_lost(None)
handle: <Handle _ProactorBasePipeTransport._call_connection_lost(None)>
Traceback (most recent call last):
  File "C:\Users\LENOVO\AppData\Local\Programs\Python\Python311\Lib\asyncio\events.py", line 80, in _run
    self._context.run(self._callback, *self._args)
  File "C:\Users\LENOVO\AppData\Local\Programs\Python\Python311\Lib\asyncio\proactor_events.py", line 162, in _call_connection_lost
    self._sock.shutdown(socket.SHUT_RDWR)
ConnectionResetError: [WinError 10054] An existing connection was forcibly closed by the remote host
ERROR:root:Token unverified header: {'alg': 'ES256', 'kid': 'e3bd9413-6321-409c-a209-f18d6307bdb4', 'typ': 'JWT'}
ERROR:app_error:Unhandled exception: POST /api/v1/passages/ - 1 validation errors:
  {'type': 'get_attribute_error', 'loc': ('response', 'questions'), 'msg': "Error extracting attribute: MissingGreenlet: greenlet_spawn has not been called; can't call await_only() here. Was IO attempted in an unexpected place? (Background on this error at: https://sqlalche.me/e/20/xd2s)", 'input': <app.models.passage.Passage object at 0x00000166B15EF850>, 'ctx': {'error': "MissingGreenlet: greenlet_spawn has not been called; can't call await_only() here. Was IO attempted in an unexpected place? (Background on this error at: https://sqlalche.me/e/20/xd2s)"}, 'url': 'https://errors.pydantic.dev/2.13/v/get_attribute_error'}
Traceback (most recent call last):
  File "D:\MIT\backend\.venv\Lib\site-packages\starlette\middleware\errors.py", line 162, in __call__
    await self.app(scope, receive, _send)
  File "D:\MIT\backend\.venv\Lib\site-packages\starlette\middleware\cors.py", line 91, in __call__
    await self.simple_response(scope, receive, send, request_headers=headers)
  File "D:\MIT\backend\.venv\Lib\site-packages\starlette\middleware\cors.py", line 146, in simple_response
    await self.app(scope, receive, send)
  File "D:\MIT\backend\app\main.py", line 41, in __call__
    await self.app(scope, receive, send)
  File "D:\MIT\backend\.venv\Lib\site-packages\starlette\middleware\exceptions.py", line 79, in __call__
    raise exc
  File "D:\MIT\backend\.venv\Lib\site-packages\starlette\middleware\exceptions.py", line 68, in __call__
    await self.app(scope, receive, sender)
  File "C:\Users\LENOVO\AppData\Local\Programs\Python\Python311\Lib\contextlib.py", line 222, in __aexit__
    await self.gen.athrow(typ, value, traceback)
  File "D:\MIT\backend\app\db\database.py", line 21, in get_db
    yield session
  File "D:\MIT\backend\.venv\Lib\site-packages\fastapi\middleware\asyncexitstack.py", line 20, in __call__
    raise e
  File "D:\MIT\backend\.venv\Lib\site-packages\fastapi\middleware\asyncexitstack.py", line 17, in __call__
    await self.app(scope, receive, send)
  File "D:\MIT\backend\.venv\Lib\site-packages\starlette\routing.py", line 718, in __call__
    await route.handle(scope, receive, send)
  File "D:\MIT\backend\.venv\Lib\site-packages\starlette\routing.py", line 276, in handle
    await self.app(scope, receive, send)
  File "D:\MIT\backend\.venv\Lib\site-packages\starlette\routing.py", line 66, in app
    response = await func(request)
               ^^^^^^^^^^^^^^^^^^^
  File "D:\MIT\backend\.venv\Lib\site-packages\fastapi\routing.py", line 291, in app
    content = await serialize_response(
              ^^^^^^^^^^^^^^^^^^^^^^^^^
  File "D:\MIT\backend\.venv\Lib\site-packages\fastapi\routing.py", line 154, in serialize_response
    raise ResponseValidationError(
fastapi.exceptions.ResponseValidationError: 1 validation errors:
  {'type': 'get_attribute_error', 'loc': ('response', 'questions'), 'msg': "Error extracting attribute: MissingGreenlet: greenlet_spawn has not been called; can't call await_only() here. Was IO attempted in an unexpected place? (Background on this error at: https://sqlalche.me/e/20/xd2s)", 'input': <app.models.passage.Passage object at 0x00000166B15EF850>, 'ctx': {'error': "MissingGreenlet: greenlet_spawn has not been called; can't call await_only() here. Was IO attempted in an unexpected place? (Background on this error at: https://sqlalche.me/e/20/xd2s)"}, 'url': 'https://errors.pydantic.dev/2.13/v/get_attribute_error'}

ERROR:    Exception in ASGI application
Traceback (most recent call last):
  File "D:\MIT\backend\.venv\Lib\site-packages\uvicorn\protocols\http\h11_impl.py", line 408, in run_asgi
    result = await app(  # type: ignore[func-returns-value]
             ^^^^^^^^^^^^^^^^^^^^^^^^^^^^^^^^^^^^^^^^^^^^^^
  File "D:\MIT\backend\.venv\Lib\site-packages\uvicorn\middleware\proxy_headers.py", line 84, in __call__
    return await self.app(scope, receive, send)
           ^^^^^^^^^^^^^^^^^^^^^^^^^^^^^^^^^^^^
  File "D:\MIT\backend\.venv\Lib\site-packages\fastapi\applications.py", line 292, in __call__
    await super().__call__(scope, receive, send)
  File "D:\MIT\backend\.venv\Lib\site-packages\starlette\applications.py", line 122, in __call__
    await self.middleware_stack(scope, receive, send)
  File "D:\MIT\backend\.venv\Lib\site-packages\starlette\middleware\errors.py", line 184, in __call__
    raise exc
  File "D:\MIT\backend\.venv\Lib\site-packages\starlette\middleware\errors.py", line 162, in __call__
    await self.app(scope, receive, _send)
  File "D:\MIT\backend\.venv\Lib\site-packages\starlette\middleware\cors.py", line 91, in __call__
    await self.simple_response(scope, receive, send, request_headers=headers)
  File "D:\MIT\backend\.venv\Lib\site-packages\starlette\middleware\cors.py", line 146, in simple_response
    await self.app(scope, receive, send)
  File "D:\MIT\backend\app\main.py", line 41, in __call__
    await self.app(scope, receive, send)
  File "D:\MIT\backend\.venv\Lib\site-packages\starlette\middleware\exceptions.py", line 79, in __call__
    raise exc
  File "D:\MIT\backend\.venv\Lib\site-packages\starlette\middleware\exceptions.py", line 68, in __call__
    await self.app(scope, receive, sender)
  File "C:\Users\LENOVO\AppData\Local\Programs\Python\Python311\Lib\contextlib.py", line 222, in __aexit__
    await self.gen.athrow(typ, value, traceback)
  File "D:\MIT\backend\app\db\database.py", line 21, in get_db
    yield session
  File "D:\MIT\backend\.venv\Lib\site-packages\fastapi\middleware\asyncexitstack.py", line 20, in __call__
    raise e
  File "D:\MIT\backend\.venv\Lib\site-packages\fastapi\middleware\asyncexitstack.py", line 17, in __call__
    await self.app(scope, receive, send)
  File "D:\MIT\backend\.venv\Lib\site-packages\starlette\routing.py", line 718, in __call__
    await route.handle(scope, receive, send)
  File "D:\MIT\backend\.venv\Lib\site-packages\starlette\routing.py", line 276, in handle
    await self.app(scope, receive, send)
  File "D:\MIT\backend\.venv\Lib\site-packages\starlette\routing.py", line 66, in app
    response = await func(request)
               ^^^^^^^^^^^^^^^^^^^
  File "D:\MIT\backend\.venv\Lib\site-packages\fastapi\routing.py", line 291, in app
    content = await serialize_response(
              ^^^^^^^^^^^^^^^^^^^^^^^^^
  File "D:\MIT\backend\.venv\Lib\site-packages\fastapi\routing.py", line 154, in serialize_response
    raise ResponseValidationError(
fastapi.exceptions.ResponseValidationError: 1 validation errors:
  {'type': 'get_attribute_error', 'loc': ('response', 'questions'), 'msg': "Error extracting attribute: MissingGreenlet: greenlet_spawn has not been called; can't call await_only() here. Was IO attempted in an unexpected place? (Background on this error at: https://sqlalche.me/e/20/xd2s)", 'input': <app.models.passage.Passage object at 0x00000166B15EF850>, 'ctx': {'error': "MissingGreenlet: greenlet_spawn has not been called; can't call await_only() here. Was IO attempted in an unexpected place? (Background on this error at: https://sqlalche.me/e/20/xd2s)"}, 'url': 'https://errors.pydantic.dev/2.13/v/get_attribute_error'}

INFO:     connection closed
ERROR:root:Token unverified header: {'alg': 'ES256', 'kid': 'e3bd9413-6321-409c-a209-f18d6307bdb4', 'typ': 'JWT'}
INFO:     ('127.0.0.1', 51995) - "WebSocket /ws/online" [accepted]
INFO:     connection open
ERROR:app_error:Unhandled exception: GET /api/v1/passages/pas_fec46c7e4697 - greenlet_spawn has not been called; can't call await_only() here. Was IO attempted in an unexpected place? (Background on this error at: https://sqlalche.me/e/20/xd2s)
Traceback (most recent call last):
  File "D:\MIT\backend\.venv\Lib\site-packages\starlette\middleware\errors.py", line 162, in __call__
    await self.app(scope, receive, _send)
  File "D:\MIT\backend\.venv\Lib\site-packages\starlette\middleware\cors.py", line 91, in __call__
    await self.simple_response(scope, receive, send, request_headers=headers)
  File "D:\MIT\backend\.venv\Lib\site-packages\starlette\middleware\cors.py", line 146, in simple_response
    await self.app(scope, receive, send)
  File "D:\MIT\backend\app\main.py", line 41, in __call__
    await self.app(scope, receive, send)
  File "D:\MIT\backend\.venv\Lib\site-packages\starlette\middleware\exceptions.py", line 79, in __call__
    raise exc
  File "D:\MIT\backend\.venv\Lib\site-packages\starlette\middleware\exceptions.py", line 68, in __call__
    await self.app(scope, receive, sender)
  File "C:\Users\LENOVO\AppData\Local\Programs\Python\Python311\Lib\contextlib.py", line 222, in __aexit__
    await self.gen.athrow(typ, value, traceback)
  File "D:\MIT\backend\app\db\database.py", line 21, in get_db
    yield session
  File "D:\MIT\backend\.venv\Lib\site-packages\fastapi\middleware\asyncexitstack.py", line 20, in __call__
    raise e
  File "D:\MIT\backend\.venv\Lib\site-packages\fastapi\middleware\asyncexitstack.py", line 17, in __call__
    await self.app(scope, receive, send)
  File "D:\MIT\backend\.venv\Lib\site-packages\starlette\routing.py", line 718, in __call__
    await route.handle(scope, receive, send)
  File "D:\MIT\backend\.venv\Lib\site-packages\starlette\routing.py", line 276, in handle
    await self.app(scope, receive, send)
  File "D:\MIT\backend\.venv\Lib\site-packages\starlette\routing.py", line 66, in app
    response = await func(request)
               ^^^^^^^^^^^^^^^^^^^
  File "D:\MIT\backend\.venv\Lib\site-packages\fastapi\routing.py", line 273, in app
    raw_response = await run_endpoint_function(
                   ^^^^^^^^^^^^^^^^^^^^^^^^^^^^
  File "D:\MIT\backend\.venv\Lib\site-packages\fastapi\routing.py", line 190, in run_endpoint_function
    return await dependant.call(**values)
           ^^^^^^^^^^^^^^^^^^^^^^^^^^^^^^
  File "D:\MIT\backend\app\api\v1\passages.py", line 62, in get_passage
    passage.questions = questions # Let Pydantic schema serialize it
    ^^^^^^^^^^^^^^^^^
  File "D:\MIT\backend\.venv\Lib\site-packages\sqlalchemy\orm\attributes.py", line 536, in __set__
    self.impl.set(
  File "D:\MIT\backend\.venv\Lib\site-packages\sqlalchemy\orm\attributes.py", line 1969, in set
    old = self.get(
          ^^^^^^^^^
  File "D:\MIT\backend\.venv\Lib\site-packages\sqlalchemy\orm\attributes.py", line 1085, in get
    value = self._fire_loader_callables(state, key, passive)
            ^^^^^^^^^^^^^^^^^^^^^^^^^^^^^^^^^^^^^^^^^^^^^^^^
  File "D:\MIT\backend\.venv\Lib\site-packages\sqlalchemy\orm\attributes.py", line 1120, in _fire_loader_callables
    return self.callable_(state, passive)
           ^^^^^^^^^^^^^^^^^^^^^^^^^^^^^^
  File "D:\MIT\backend\.venv\Lib\site-packages\sqlalchemy\orm\strategies.py", line 966, in _load_for_state
    return self._emit_lazyload(
           ^^^^^^^^^^^^^^^^^^^^
  File "D:\MIT\backend\.venv\Lib\site-packages\sqlalchemy\orm\strategies.py", line 1129, in _emit_lazyload
    result = session.execute(
             ^^^^^^^^^^^^^^^^
  File "D:\MIT\backend\.venv\Lib\site-packages\sqlalchemy\orm\session.py", line 2262, in execute
    return self._execute_internal(
           ^^^^^^^^^^^^^^^^^^^^^^^
  File "D:\MIT\backend\.venv\Lib\site-packages\sqlalchemy\orm\session.py", line 2144, in _execute_internal
    result: Result[Any] = compile_state_cls.orm_execute_statement(
                          ^^^^^^^^^^^^^^^^^^^^^^^^^^^^^^^^^^^^^^^^
  File "D:\MIT\backend\.venv\Lib\site-packages\sqlalchemy\orm\context.py", line 293, in orm_execute_statement
    result = conn.execute(
             ^^^^^^^^^^^^^
  File "D:\MIT\backend\.venv\Lib\site-packages\sqlalchemy\engine\base.py", line 1412, in execute
    return meth(
           ^^^^^
  File "D:\MIT\backend\.venv\Lib\site-packages\sqlalchemy\sql\elements.py", line 515, in _execute_on_connection
    return connection._execute_clauseelement(
           ^^^^^^^^^^^^^^^^^^^^^^^^^^^^^^^^^^
  File "D:\MIT\backend\.venv\Lib\site-packages\sqlalchemy\engine\base.py", line 1635, in _execute_clauseelement
    ret = self._execute_context(
          ^^^^^^^^^^^^^^^^^^^^^^
  File "D:\MIT\backend\.venv\Lib\site-packages\sqlalchemy\engine\base.py", line 1844, in _execute_context
    return self._exec_single_context(
           ^^^^^^^^^^^^^^^^^^^^^^^^^^
  File "D:\MIT\backend\.venv\Lib\site-packages\sqlalchemy\engine\base.py", line 1984, in _exec_single_context
    self._handle_dbapi_exception(
  File "D:\MIT\backend\.venv\Lib\site-packages\sqlalchemy\engine\base.py", line 2342, in _handle_dbapi_exception
    raise exc_info[1].with_traceback(exc_info[2])
  File "D:\MIT\backend\.venv\Lib\site-packages\sqlalchemy\engine\base.py", line 1965, in _exec_single_context
    self.dialect.do_execute(
  File "D:\MIT\backend\.venv\Lib\site-packages\sqlalchemy\engine\default.py", line 921, in do_execute
    cursor.execute(statement, parameters)
  File "D:\MIT\backend\.venv\Lib\site-packages\sqlalchemy\dialects\postgresql\asyncpg.py", line 585, in execute
    self._adapt_connection.await_(
  File "D:\MIT\backend\.venv\Lib\site-packages\sqlalchemy\util\_concurrency_py3k.py", line 116, in await_only
    raise exc.MissingGreenlet(
sqlalchemy.exc.MissingGreenlet: greenlet_spawn has not been called; can't call await_only() here. Was IO attempted in an unexpected place? (Background on this error at: https://sqlalche.me/e/20/xd2s)
ERROR:    Exception in ASGI application
Traceback (most recent call last):
  File "D:\MIT\backend\.venv\Lib\site-packages\uvicorn\protocols\http\h11_impl.py", line 408, in run_asgi
    result = await app(  # type: ignore[func-returns-value]
             ^^^^^^^^^^^^^^^^^^^^^^^^^^^^^^^^^^^^^^^^^^^^^^
  File "D:\MIT\backend\.venv\Lib\site-packages\uvicorn\middleware\proxy_headers.py", line 84, in __call__
    return await self.app(scope, receive, send)
           ^^^^^^^^^^^^^^^^^^^^^^^^^^^^^^^^^^^^
  File "D:\MIT\backend\.venv\Lib\site-packages\fastapi\applications.py", line 292, in __call__
    await super().__call__(scope, receive, send)
  File "D:\MIT\backend\.venv\Lib\site-packages\starlette\applications.py", line 122, in __call__
    await self.middleware_stack(scope, receive, send)
  File "D:\MIT\backend\.venv\Lib\site-packages\starlette\middleware\errors.py", line 184, in __call__
    raise exc
  File "D:\MIT\backend\.venv\Lib\site-packages\starlette\middleware\errors.py", line 162, in __call__
    await self.app(scope, receive, _send)
  File "D:\MIT\backend\.venv\Lib\site-packages\starlette\middleware\cors.py", line 91, in __call__
    await self.simple_response(scope, receive, send, request_headers=headers)
  File "D:\MIT\backend\.venv\Lib\site-packages\starlette\middleware\cors.py", line 146, in simple_response
    await self.app(scope, receive, send)
  File "D:\MIT\backend\app\main.py", line 41, in __call__
    await self.app(scope, receive, send)
  File "D:\MIT\backend\.venv\Lib\site-packages\starlette\middleware\exceptions.py", line 79, in __call__
    raise exc
  File "D:\MIT\backend\.venv\Lib\site-packages\starlette\middleware\exceptions.py", line 68, in __call__
    await self.app(scope, receive, sender)
  File "C:\Users\LENOVO\AppData\Local\Programs\Python\Python311\Lib\contextlib.py", line 222, in __aexit__
    await self.gen.athrow(typ, value, traceback)
  File "D:\MIT\backend\app\db\database.py", line 21, in get_db
    yield session
  File "D:\MIT\backend\.venv\Lib\site-packages\fastapi\middleware\asyncexitstack.py", line 20, in __call__
    raise e
  File "D:\MIT\backend\.venv\Lib\site-packages\fastapi\middleware\asyncexitstack.py", line 17, in __call__
    await self.app(scope, receive, send)
  File "D:\MIT\backend\.venv\Lib\site-packages\starlette\routing.py", line 718, in __call__
    await route.handle(scope, receive, send)
  File "D:\MIT\backend\.venv\Lib\site-packages\starlette\routing.py", line 276, in handle
    await self.app(scope, receive, send)
  File "D:\MIT\backend\.venv\Lib\site-packages\starlette\routing.py", line 66, in app
    response = await func(request)
               ^^^^^^^^^^^^^^^^^^^
  File "D:\MIT\backend\.venv\Lib\site-packages\fastapi\routing.py", line 273, in app
    raw_response = await run_endpoint_function(
                   ^^^^^^^^^^^^^^^^^^^^^^^^^^^^
  File "D:\MIT\backend\.venv\Lib\site-packages\fastapi\routing.py", line 190, in run_endpoint_function
    return await dependant.call(**values)
           ^^^^^^^^^^^^^^^^^^^^^^^^^^^^^^
  File "D:\MIT\backend\app\api\v1\passages.py", line 62, in get_passage
    passage.questions = questions # Let Pydantic schema serialize it
    ^^^^^^^^^^^^^^^^^
  File "D:\MIT\backend\.venv\Lib\site-packages\sqlalchemy\orm\attributes.py", line 536, in __set__
    self.impl.set(
  File "D:\MIT\backend\.venv\Lib\site-packages\sqlalchemy\orm\attributes.py", line 1969, in set
    old = self.get(
          ^^^^^^^^^
  File "D:\MIT\backend\.venv\Lib\site-packages\sqlalchemy\orm\attributes.py", line 1085, in get
    value = self._fire_loader_callables(state, key, passive)
            ^^^^^^^^^^^^^^^^^^^^^^^^^^^^^^^^^^^^^^^^^^^^^^^^
  File "D:\MIT\backend\.venv\Lib\site-packages\sqlalchemy\orm\attributes.py", line 1120, in _fire_loader_callables
    return self.callable_(state, passive)
           ^^^^^^^^^^^^^^^^^^^^^^^^^^^^^^
  File "D:\MIT\backend\.venv\Lib\site-packages\sqlalchemy\orm\strategies.py", line 966, in _load_for_state
    return self._emit_lazyload(
           ^^^^^^^^^^^^^^^^^^^^
  File "D:\MIT\backend\.venv\Lib\site-packages\sqlalchemy\orm\strategies.py", line 1129, in _emit_lazyload
    result = session.execute(
             ^^^^^^^^^^^^^^^^
  File "D:\MIT\backend\.venv\Lib\site-packages\sqlalchemy\orm\session.py", line 2262, in execute
    return self._execute_internal(
           ^^^^^^^^^^^^^^^^^^^^^^^
  File "D:\MIT\backend\.venv\Lib\site-packages\sqlalchemy\orm\session.py", line 2144, in _execute_internal
    result: Result[Any] = compile_state_cls.orm_execute_statement(
                          ^^^^^^^^^^^^^^^^^^^^^^^^^^^^^^^^^^^^^^^^
  File "D:\MIT\backend\.venv\Lib\site-packages\sqlalchemy\orm\context.py", line 293, in orm_execute_statement
    result = conn.execute(
             ^^^^^^^^^^^^^
  File "D:\MIT\backend\.venv\Lib\site-packages\sqlalchemy\engine\base.py", line 1412, in execute
    return meth(
           ^^^^^
  File "D:\MIT\backend\.venv\Lib\site-packages\sqlalchemy\sql\elements.py", line 515, in _execute_on_connection
    return connection._execute_clauseelement(
           ^^^^^^^^^^^^^^^^^^^^^^^^^^^^^^^^^^
  File "D:\MIT\backend\.venv\Lib\site-packages\sqlalchemy\engine\base.py", line 1635, in _execute_clauseelement
    ret = self._execute_context(
          ^^^^^^^^^^^^^^^^^^^^^^
  File "D:\MIT\backend\.venv\Lib\site-packages\sqlalchemy\engine\base.py", line 1844, in _execute_context
    return self._exec_single_context(
           ^^^^^^^^^^^^^^^^^^^^^^^^^^
  File "D:\MIT\backend\.venv\Lib\site-packages\sqlalchemy\engine\base.py", line 1984, in _exec_single_context
    self._handle_dbapi_exception(
  File "D:\MIT\backend\.venv\Lib\site-packages\sqlalchemy\engine\base.py", line 2342, in _handle_dbapi_exception
    raise exc_info[1].with_traceback(exc_info[2])
  File "D:\MIT\backend\.venv\Lib\site-packages\sqlalchemy\engine\base.py", line 1965, in _exec_single_context
    self.dialect.do_execute(
  File "D:\MIT\backend\.venv\Lib\site-packages\sqlalchemy\engine\default.py", line 921, in do_execute
    cursor.execute(statement, parameters)
  File "D:\MIT\backend\.venv\Lib\site-packages\sqlalchemy\dialects\postgresql\asyncpg.py", line 585, in execute
    self._adapt_connection.await_(
  File "D:\MIT\backend\.venv\Lib\site-packages\sqlalchemy\util\_concurrency_py3k.py", line 116, in await_only
    raise exc.MissingGreenlet(
sqlalchemy.exc.MissingGreenlet: greenlet_spawn has not been called; can't call await_only() here. Was IO attempted in an unexpected place? (Background on this error at: https://sqlalche.me/e/20/xd2s)
ERROR:app_error:Unhandled exception: GET /api/v1/passages/pas_fec46c7e4697 - greenlet_spawn has not been called; can't call await_only() here. Was IO attempted in an unexpected place? (Background on this error at: https://sqlalche.me/e/20/xd2s)
Traceback (most recent call last):
  File "D:\MIT\backend\.venv\Lib\site-packages\starlette\middleware\errors.py", line 162, in __call__
    await self.app(scope, receive, _send)
  File "D:\MIT\backend\.venv\Lib\site-packages\starlette\middleware\cors.py", line 91, in __call__
    await self.simple_response(scope, receive, send, request_headers=headers)
  File "D:\MIT\backend\.venv\Lib\site-packages\starlette\middleware\cors.py", line 146, in simple_response
    await self.app(scope, receive, send)
  File "D:\MIT\backend\app\main.py", line 41, in __call__
    await self.app(scope, receive, send)
  File "D:\MIT\backend\.venv\Lib\site-packages\starlette\middleware\exceptions.py", line 79, in __call__
    raise exc
  File "D:\MIT\backend\.venv\Lib\site-packages\starlette\middleware\exceptions.py", line 68, in __call__
    await self.app(scope, receive, sender)
  File "C:\Users\LENOVO\AppData\Local\Programs\Python\Python311\Lib\contextlib.py", line 222, in __aexit__
    await self.gen.athrow(typ, value, traceback)
  File "D:\MIT\backend\app\db\database.py", line 21, in get_db
    yield session
  File "D:\MIT\backend\.venv\Lib\site-packages\fastapi\middleware\asyncexitstack.py", line 20, in __call__
    raise e
  File "D:\MIT\backend\.venv\Lib\site-packages\fastapi\middleware\asyncexitstack.py", line 17, in __call__
    await self.app(scope, receive, send)
  File "D:\MIT\backend\.venv\Lib\site-packages\starlette\routing.py", line 718, in __call__
    await route.handle(scope, receive, send)
  File "D:\MIT\backend\.venv\Lib\site-packages\starlette\routing.py", line 276, in handle
    await self.app(scope, receive, send)
  File "D:\MIT\backend\.venv\Lib\site-packages\starlette\routing.py", line 66, in app
    response = await func(request)
               ^^^^^^^^^^^^^^^^^^^
  File "D:\MIT\backend\.venv\Lib\site-packages\fastapi\routing.py", line 273, in app
    raw_response = await run_endpoint_function(
                   ^^^^^^^^^^^^^^^^^^^^^^^^^^^^
  File "D:\MIT\backend\.venv\Lib\site-packages\fastapi\routing.py", line 190, in run_endpoint_function
    return await dependant.call(**values)
           ^^^^^^^^^^^^^^^^^^^^^^^^^^^^^^
  File "D:\MIT\backend\app\api\v1\passages.py", line 62, in get_passage
    passage.questions = questions # Let Pydantic schema serialize it
    ^^^^^^^^^^^^^^^^^
  File "D:\MIT\backend\.venv\Lib\site-packages\sqlalchemy\orm\attributes.py", line 536, in __set__
    self.impl.set(
  File "D:\MIT\backend\.venv\Lib\site-packages\sqlalchemy\orm\attributes.py", line 1969, in set
    old = self.get(
          ^^^^^^^^^
  File "D:\MIT\backend\.venv\Lib\site-packages\sqlalchemy\orm\attributes.py", line 1085, in get
    value = self._fire_loader_callables(state, key, passive)
            ^^^^^^^^^^^^^^^^^^^^^^^^^^^^^^^^^^^^^^^^^^^^^^^^
  File "D:\MIT\backend\.venv\Lib\site-packages\sqlalchemy\orm\attributes.py", line 1120, in _fire_loader_callables
    return self.callable_(state, passive)
           ^^^^^^^^^^^^^^^^^^^^^^^^^^^^^^
  File "D:\MIT\backend\.venv\Lib\site-packages\sqlalchemy\orm\strategies.py", line 966, in _load_for_state
    return self._emit_lazyload(
           ^^^^^^^^^^^^^^^^^^^^
  File "D:\MIT\backend\.venv\Lib\site-packages\sqlalchemy\orm\strategies.py", line 1129, in _emit_lazyload
    result = session.execute(
             ^^^^^^^^^^^^^^^^
  File "D:\MIT\backend\.venv\Lib\site-packages\sqlalchemy\orm\session.py", line 2262, in execute
    return self._execute_internal(
           ^^^^^^^^^^^^^^^^^^^^^^^
  File "D:\MIT\backend\.venv\Lib\site-packages\sqlalchemy\orm\session.py", line 2144, in _execute_internal
    result: Result[Any] = compile_state_cls.orm_execute_statement(
                          ^^^^^^^^^^^^^^^^^^^^^^^^^^^^^^^^^^^^^^^^
  File "D:\MIT\backend\.venv\Lib\site-packages\sqlalchemy\orm\context.py", line 293, in orm_execute_statement
    result = conn.execute(
             ^^^^^^^^^^^^^
  File "D:\MIT\backend\.venv\Lib\site-packages\sqlalchemy\engine\base.py", line 1412, in execute
    return meth(
           ^^^^^
  File "D:\MIT\backend\.venv\Lib\site-packages\sqlalchemy\sql\elements.py", line 515, in _execute_on_connection
    return connection._execute_clauseelement(
           ^^^^^^^^^^^^^^^^^^^^^^^^^^^^^^^^^^
  File "D:\MIT\backend\.venv\Lib\site-packages\sqlalchemy\engine\base.py", line 1635, in _execute_clauseelement
    ret = self._execute_context(
          ^^^^^^^^^^^^^^^^^^^^^^
  File "D:\MIT\backend\.venv\Lib\site-packages\sqlalchemy\engine\base.py", line 1844, in _execute_context
    return self._exec_single_context(
           ^^^^^^^^^^^^^^^^^^^^^^^^^^
  File "D:\MIT\backend\.venv\Lib\site-packages\sqlalchemy\engine\base.py", line 1984, in _exec_single_context
    self._handle_dbapi_exception(
  File "D:\MIT\backend\.venv\Lib\site-packages\sqlalchemy\engine\base.py", line 2342, in _handle_dbapi_exception
    raise exc_info[1].with_traceback(exc_info[2])
  File "D:\MIT\backend\.venv\Lib\site-packages\sqlalchemy\engine\base.py", line 1965, in _exec_single_context
    self.dialect.do_execute(
  File "D:\MIT\backend\.venv\Lib\site-packages\sqlalchemy\engine\default.py", line 921, in do_execute
    cursor.execute(statement, parameters)
  File "D:\MIT\backend\.venv\Lib\site-packages\sqlalchemy\dialects\postgresql\asyncpg.py", line 585, in execute
    self._adapt_connection.await_(
  File "D:\MIT\backend\.venv\Lib\site-packages\sqlalchemy\util\_concurrency_py3k.py", line 116, in await_only
    raise exc.MissingGreenlet(
sqlalchemy.exc.MissingGreenlet: greenlet_spawn has not been called; can't call await_only() here. Was IO attempted in an unexpected place? (Background on this error at: https://sqlalche.me/e/20/xd2s)
ERROR:    Exception in ASGI application
Traceback (most recent call last):
  File "D:\MIT\backend\.venv\Lib\site-packages\uvicorn\protocols\http\h11_impl.py", line 408, in run_asgi
    result = await app(  # type: ignore[func-returns-value]
             ^^^^^^^^^^^^^^^^^^^^^^^^^^^^^^^^^^^^^^^^^^^^^^
  File "D:\MIT\backend\.venv\Lib\site-packages\uvicorn\middleware\proxy_headers.py", line 84, in __call__
    return await self.app(scope, receive, send)
           ^^^^^^^^^^^^^^^^^^^^^^^^^^^^^^^^^^^^
  File "D:\MIT\backend\.venv\Lib\site-packages\fastapi\applications.py", line 292, in __call__
    await super().__call__(scope, receive, send)
  File "D:\MIT\backend\.venv\Lib\site-packages\starlette\applications.py", line 122, in __call__
    await self.middleware_stack(scope, receive, send)
  File "D:\MIT\backend\.venv\Lib\site-packages\starlette\middleware\errors.py", line 184, in __call__
    raise exc
  File "D:\MIT\backend\.venv\Lib\site-packages\starlette\middleware\errors.py", line 162, in __call__
    await self.app(scope, receive, _send)
  File "D:\MIT\backend\.venv\Lib\site-packages\starlette\middleware\cors.py", line 91, in __call__
    await self.simple_response(scope, receive, send, request_headers=headers)
  File "D:\MIT\backend\.venv\Lib\site-packages\starlette\middleware\cors.py", line 146, in simple_response
    await self.app(scope, receive, send)
  File "D:\MIT\backend\app\main.py", line 41, in __call__
    await self.app(scope, receive, send)
  File "D:\MIT\backend\.venv\Lib\site-packages\starlette\middleware\exceptions.py", line 79, in __call__
    raise exc
  File "D:\MIT\backend\.venv\Lib\site-packages\starlette\middleware\exceptions.py", line 68, in __call__
    await self.app(scope, receive, sender)
  File "C:\Users\LENOVO\AppData\Local\Programs\Python\Python311\Lib\contextlib.py", line 222, in __aexit__
    await self.gen.athrow(typ, value, traceback)
  File "D:\MIT\backend\app\db\database.py", line 21, in get_db
    yield session
  File "D:\MIT\backend\.venv\Lib\site-packages\fastapi\middleware\asyncexitstack.py", line 20, in __call__
    raise e
  File "D:\MIT\backend\.venv\Lib\site-packages\fastapi\middleware\asyncexitstack.py", line 17, in __call__
    await self.app(scope, receive, send)
  File "D:\MIT\backend\.venv\Lib\site-packages\starlette\routing.py", line 718, in __call__
    await route.handle(scope, receive, send)
  File "D:\MIT\backend\.venv\Lib\site-packages\starlette\routing.py", line 276, in handle
    await self.app(scope, receive, send)
  File "D:\MIT\backend\.venv\Lib\site-packages\starlette\routing.py", line 66, in app
    response = await func(request)
               ^^^^^^^^^^^^^^^^^^^
  File "D:\MIT\backend\.venv\Lib\site-packages\fastapi\routing.py", line 273, in app
    raw_response = await run_endpoint_function(
                   ^^^^^^^^^^^^^^^^^^^^^^^^^^^^
  File "D:\MIT\backend\.venv\Lib\site-packages\fastapi\routing.py", line 190, in run_endpoint_function
    return await dependant.call(**values)
           ^^^^^^^^^^^^^^^^^^^^^^^^^^^^^^
  File "D:\MIT\backend\app\api\v1\passages.py", line 62, in get_passage
    passage.questions = questions # Let Pydantic schema serialize it
    ^^^^^^^^^^^^^^^^^
  File "D:\MIT\backend\.venv\Lib\site-packages\sqlalchemy\orm\attributes.py", line 536, in __set__
    self.impl.set(
  File "D:\MIT\backend\.venv\Lib\site-packages\sqlalchemy\orm\attributes.py", line 1969, in set
    old = self.get(
          ^^^^^^^^^
  File "D:\MIT\backend\.venv\Lib\site-packages\sqlalchemy\orm\attributes.py", line 1085, in get
    value = self._fire_loader_callables(state, key, passive)
            ^^^^^^^^^^^^^^^^^^^^^^^^^^^^^^^^^^^^^^^^^^^^^^^^
  File "D:\MIT\backend\.venv\Lib\site-packages\sqlalchemy\orm\attributes.py", line 1120, in _fire_loader_callables
    return self.callable_(state, passive)
           ^^^^^^^^^^^^^^^^^^^^^^^^^^^^^^
  File "D:\MIT\backend\.venv\Lib\site-packages\sqlalchemy\orm\strategies.py", line 966, in _load_for_state
    return self._emit_lazyload(
           ^^^^^^^^^^^^^^^^^^^^
  File "D:\MIT\backend\.venv\Lib\site-packages\sqlalchemy\orm\strategies.py", line 1129, in _emit_lazyload
    result = session.execute(
             ^^^^^^^^^^^^^^^^
  File "D:\MIT\backend\.venv\Lib\site-packages\sqlalchemy\orm\session.py", line 2262, in execute
    return self._execute_internal(
           ^^^^^^^^^^^^^^^^^^^^^^^
  File "D:\MIT\backend\.venv\Lib\site-packages\sqlalchemy\orm\session.py", line 2144, in _execute_internal
    result: Result[Any] = compile_state_cls.orm_execute_statement(
                          ^^^^^^^^^^^^^^^^^^^^^^^^^^^^^^^^^^^^^^^^
  File "D:\MIT\backend\.venv\Lib\site-packages\sqlalchemy\orm\context.py", line 293, in orm_execute_statement
    result = conn.execute(
             ^^^^^^^^^^^^^
  File "D:\MIT\backend\.venv\Lib\site-packages\sqlalchemy\engine\base.py", line 1412, in execute
    return meth(
           ^^^^^
  File "D:\MIT\backend\.venv\Lib\site-packages\sqlalchemy\sql\elements.py", line 515, in _execute_on_connection
    return connection._execute_clauseelement(
           ^^^^^^^^^^^^^^^^^^^^^^^^^^^^^^^^^^
  File "D:\MIT\backend\.venv\Lib\site-packages\sqlalchemy\engine\base.py", line 1635, in _execute_clauseelement
    ret = self._execute_context(
          ^^^^^^^^^^^^^^^^^^^^^^
  File "D:\MIT\backend\.venv\Lib\site-packages\sqlalchemy\engine\base.py", line 1844, in _execute_context
    return self._exec_single_context(
           ^^^^^^^^^^^^^^^^^^^^^^^^^^
  File "D:\MIT\backend\.venv\Lib\site-packages\sqlalchemy\engine\base.py", line 1984, in _exec_single_context
    self._handle_dbapi_exception(
  File "D:\MIT\backend\.venv\Lib\site-packages\sqlalchemy\engine\base.py", line 2342, in _handle_dbapi_exception
    raise exc_info[1].with_traceback(exc_info[2])
  File "D:\MIT\backend\.venv\Lib\site-packages\sqlalchemy\engine\base.py", line 1965, in _exec_single_context
    self.dialect.do_execute(
  File "D:\MIT\backend\.venv\Lib\site-packages\sqlalchemy\engine\default.py", line 921, in do_execute
    cursor.execute(statement, parameters)
  File "D:\MIT\backend\.venv\Lib\site-packages\sqlalchemy\dialects\postgresql\asyncpg.py", line 585, in execute
    self._adapt_connection.await_(
  File "D:\MIT\backend\.venv\Lib\site-packages\sqlalchemy\util\_concurrency_py3k.py", line 116, in await_only
    raise exc.MissingGreenlet(
sqlalchemy.exc.MissingGreenlet: greenlet_spawn has not been called; can't call await_only() here. Was IO attempted in an unexpected place? (Background on this error at: https://sqlalche.me/e/20/xd2s)
ERROR:app_error:Unhandled exception: GET /api/v1/passages/pas_fec46c7e4697 - greenlet_spawn has not been called; can't call await_only() here. Was IO attempted in an unexpected place? (Background on this error at: https://sqlalche.me/e/20/xd2s)
Traceback (most recent call last):
  File "D:\MIT\backend\.venv\Lib\site-packages\starlette\middleware\errors.py", line 162, in __call__
    await self.app(scope, receive, _send)
  File "D:\MIT\backend\.venv\Lib\site-packages\starlette\middleware\cors.py", line 91, in __call__
    await self.simple_response(scope, receive, send, request_headers=headers)
  File "D:\MIT\backend\.venv\Lib\site-packages\starlette\middleware\cors.py", line 146, in simple_response
    await self.app(scope, receive, send)
  File "D:\MIT\backend\app\main.py", line 41, in __call__
    await self.app(scope, receive, send)
  File "D:\MIT\backend\.venv\Lib\site-packages\starlette\middleware\exceptions.py", line 79, in __call__
    raise exc
  File "D:\MIT\backend\.venv\Lib\site-packages\starlette\middleware\exceptions.py", line 68, in __call__
    await self.app(scope, receive, sender)
  File "C:\Users\LENOVO\AppData\Local\Programs\Python\Python311\Lib\contextlib.py", line 222, in __aexit__
    await self.gen.athrow(typ, value, traceback)
  File "D:\MIT\backend\app\db\database.py", line 21, in get_db
    yield session
  File "D:\MIT\backend\.venv\Lib\site-packages\fastapi\middleware\asyncexitstack.py", line 20, in __call__
    raise e
  File "D:\MIT\backend\.venv\Lib\site-packages\fastapi\middleware\asyncexitstack.py", line 17, in __call__
    await self.app(scope, receive, send)
  File "D:\MIT\backend\.venv\Lib\site-packages\starlette\routing.py", line 718, in __call__
    await route.handle(scope, receive, send)
  File "D:\MIT\backend\.venv\Lib\site-packages\starlette\routing.py", line 276, in handle
    await self.app(scope, receive, send)
  File "D:\MIT\backend\.venv\Lib\site-packages\starlette\routing.py", line 66, in app
    response = await func(request)
               ^^^^^^^^^^^^^^^^^^^
  File "D:\MIT\backend\.venv\Lib\site-packages\fastapi\routing.py", line 273, in app
    raw_response = await run_endpoint_function(
                   ^^^^^^^^^^^^^^^^^^^^^^^^^^^^
  File "D:\MIT\backend\.venv\Lib\site-packages\fastapi\routing.py", line 190, in run_endpoint_function
    return await dependant.call(**values)
           ^^^^^^^^^^^^^^^^^^^^^^^^^^^^^^
  File "D:\MIT\backend\app\api\v1\passages.py", line 62, in get_passage
    passage.questions = questions # Let Pydantic schema serialize it
    ^^^^^^^^^^^^^^^^^
  File "D:\MIT\backend\.venv\Lib\site-packages\sqlalchemy\orm\attributes.py", line 536, in __set__
    self.impl.set(
  File "D:\MIT\backend\.venv\Lib\site-packages\sqlalchemy\orm\attributes.py", line 1969, in set
    old = self.get(
          ^^^^^^^^^
  File "D:\MIT\backend\.venv\Lib\site-packages\sqlalchemy\orm\attributes.py", line 1085, in get
    value = self._fire_loader_callables(state, key, passive)
            ^^^^^^^^^^^^^^^^^^^^^^^^^^^^^^^^^^^^^^^^^^^^^^^^
  File "D:\MIT\backend\.venv\Lib\site-packages\sqlalchemy\orm\attributes.py", line 1120, in _fire_loader_callables
    return self.callable_(state, passive)
           ^^^^^^^^^^^^^^^^^^^^^^^^^^^^^^
  File "D:\MIT\backend\.venv\Lib\site-packages\sqlalchemy\orm\strategies.py", line 966, in _load_for_state
    return self._emit_lazyload(
           ^^^^^^^^^^^^^^^^^^^^
  File "D:\MIT\backend\.venv\Lib\site-packages\sqlalchemy\orm\strategies.py", line 1129, in _emit_lazyload
    result = session.execute(
             ^^^^^^^^^^^^^^^^
  File "D:\MIT\backend\.venv\Lib\site-packages\sqlalchemy\orm\session.py", line 2262, in execute
    return self._execute_internal(
           ^^^^^^^^^^^^^^^^^^^^^^^
  File "D:\MIT\backend\.venv\Lib\site-packages\sqlalchemy\orm\session.py", line 2144, in _execute_internal
    result: Result[Any] = compile_state_cls.orm_execute_statement(
                          ^^^^^^^^^^^^^^^^^^^^^^^^^^^^^^^^^^^^^^^^
  File "D:\MIT\backend\.venv\Lib\site-packages\sqlalchemy\orm\context.py", line 293, in orm_execute_statement
    result = conn.execute(
             ^^^^^^^^^^^^^
  File "D:\MIT\backend\.venv\Lib\site-packages\sqlalchemy\engine\base.py", line 1412, in execute
    return meth(
           ^^^^^
  File "D:\MIT\backend\.venv\Lib\site-packages\sqlalchemy\sql\elements.py", line 515, in _execute_on_connection
    return connection._execute_clauseelement(
           ^^^^^^^^^^^^^^^^^^^^^^^^^^^^^^^^^^
  File "D:\MIT\backend\.venv\Lib\site-packages\sqlalchemy\engine\base.py", line 1635, in _execute_clauseelement
    ret = self._execute_context(
          ^^^^^^^^^^^^^^^^^^^^^^
  File "D:\MIT\backend\.venv\Lib\site-packages\sqlalchemy\engine\base.py", line 1844, in _execute_context
    return self._exec_single_context(
           ^^^^^^^^^^^^^^^^^^^^^^^^^^
  File "D:\MIT\backend\.venv\Lib\site-packages\sqlalchemy\engine\base.py", line 1984, in _exec_single_context
    self._handle_dbapi_exception(
  File "D:\MIT\backend\.venv\Lib\site-packages\sqlalchemy\engine\base.py", line 2342, in _handle_dbapi_exception
    raise exc_info[1].with_traceback(exc_info[2])
  File "D:\MIT\backend\.venv\Lib\site-packages\sqlalchemy\engine\base.py", line 1965, in _exec_single_context
    self.dialect.do_execute(
  File "D:\MIT\backend\.venv\Lib\site-packages\sqlalchemy\engine\default.py", line 921, in do_execute
    cursor.execute(statement, parameters)
  File "D:\MIT\backend\.venv\Lib\site-packages\sqlalchemy\dialects\postgresql\asyncpg.py", line 585, in execute
    self._adapt_connection.await_(
  File "D:\MIT\backend\.venv\Lib\site-packages\sqlalchemy\util\_concurrency_py3k.py", line 116, in await_only
    raise exc.MissingGreenlet(
sqlalchemy.exc.MissingGreenlet: greenlet_spawn has not been called; can't call await_only() here. Was IO attempted in an unexpected place? (Background on this error at: https://sqlalche.me/e/20/xd2s)
ERROR:    Exception in ASGI application
Traceback (most recent call last):
  File "D:\MIT\backend\.venv\Lib\site-packages\uvicorn\protocols\http\h11_impl.py", line 408, in run_asgi
    result = await app(  # type: ignore[func-returns-value]
             ^^^^^^^^^^^^^^^^^^^^^^^^^^^^^^^^^^^^^^^^^^^^^^
  File "D:\MIT\backend\.venv\Lib\site-packages\uvicorn\middleware\proxy_headers.py", line 84, in __call__
    return await self.app(scope, receive, send)
           ^^^^^^^^^^^^^^^^^^^^^^^^^^^^^^^^^^^^
  File "D:\MIT\backend\.venv\Lib\site-packages\fastapi\applications.py", line 292, in __call__
    await super().__call__(scope, receive, send)
  File "D:\MIT\backend\.venv\Lib\site-packages\starlette\applications.py", line 122, in __call__
    await self.middleware_stack(scope, receive, send)
  File "D:\MIT\backend\.venv\Lib\site-packages\starlette\middleware\errors.py", line 184, in __call__
    raise exc
  File "D:\MIT\backend\.venv\Lib\site-packages\starlette\middleware\errors.py", line 162, in __call__
    await self.app(scope, receive, _send)
  File "D:\MIT\backend\.venv\Lib\site-packages\starlette\middleware\cors.py", line 91, in __call__
    await self.simple_response(scope, receive, send, request_headers=headers)
  File "D:\MIT\backend\.venv\Lib\site-packages\starlette\middleware\cors.py", line 146, in simple_response
    await self.app(scope, receive, send)
  File "D:\MIT\backend\app\main.py", line 41, in __call__
    await self.app(scope, receive, send)
  File "D:\MIT\backend\.venv\Lib\site-packages\starlette\middleware\exceptions.py", line 79, in __call__
    raise exc
  File "D:\MIT\backend\.venv\Lib\site-packages\starlette\middleware\exceptions.py", line 68, in __call__
    await self.app(scope, receive, sender)
  File "C:\Users\LENOVO\AppData\Local\Programs\Python\Python311\Lib\contextlib.py", line 222, in __aexit__
    await self.gen.athrow(typ, value, traceback)
  File "D:\MIT\backend\app\db\database.py", line 21, in get_db
    yield session
  File "D:\MIT\backend\.venv\Lib\site-packages\fastapi\middleware\asyncexitstack.py", line 20, in __call__
    raise e
  File "D:\MIT\backend\.venv\Lib\site-packages\fastapi\middleware\asyncexitstack.py", line 17, in __call__
    await self.app(scope, receive, send)
  File "D:\MIT\backend\.venv\Lib\site-packages\starlette\routing.py", line 718, in __call__
    await route.handle(scope, receive, send)
  File "D:\MIT\backend\.venv\Lib\site-packages\starlette\routing.py", line 276, in handle
    await self.app(scope, receive, send)
  File "D:\MIT\backend\.venv\Lib\site-packages\starlette\routing.py", line 66, in app
    response = await func(request)
               ^^^^^^^^^^^^^^^^^^^
  File "D:\MIT\backend\.venv\Lib\site-packages\fastapi\routing.py", line 273, in app
    raw_response = await run_endpoint_function(
                   ^^^^^^^^^^^^^^^^^^^^^^^^^^^^
  File "D:\MIT\backend\.venv\Lib\site-packages\fastapi\routing.py", line 190, in run_endpoint_function
    return await dependant.call(**values)
           ^^^^^^^^^^^^^^^^^^^^^^^^^^^^^^
  File "D:\MIT\backend\app\api\v1\passages.py", line 62, in get_passage
    passage.questions = questions # Let Pydantic schema serialize it
    ^^^^^^^^^^^^^^^^^
  File "D:\MIT\backend\.venv\Lib\site-packages\sqlalchemy\orm\attributes.py", line 536, in __set__
    self.impl.set(
  File "D:\MIT\backend\.venv\Lib\site-packages\sqlalchemy\orm\attributes.py", line 1969, in set
    old = self.get(
          ^^^^^^^^^
  File "D:\MIT\backend\.venv\Lib\site-packages\sqlalchemy\orm\attributes.py", line 1085, in get
    value = self._fire_loader_callables(state, key, passive)
            ^^^^^^^^^^^^^^^^^^^^^^^^^^^^^^^^^^^^^^^^^^^^^^^^
  File "D:\MIT\backend\.venv\Lib\site-packages\sqlalchemy\orm\attributes.py", line 1120, in _fire_loader_callables
    return self.callable_(state, passive)
           ^^^^^^^^^^^^^^^^^^^^^^^^^^^^^^
  File "D:\MIT\backend\.venv\Lib\site-packages\sqlalchemy\orm\strategies.py", line 966, in _load_for_state
    return self._emit_lazyload(
           ^^^^^^^^^^^^^^^^^^^^
  File "D:\MIT\backend\.venv\Lib\site-packages\sqlalchemy\orm\strategies.py", line 1129, in _emit_lazyload
    result = session.execute(
             ^^^^^^^^^^^^^^^^
  File "D:\MIT\backend\.venv\Lib\site-packages\sqlalchemy\orm\session.py", line 2262, in execute
    return self._execute_internal(
           ^^^^^^^^^^^^^^^^^^^^^^^
  File "D:\MIT\backend\.venv\Lib\site-packages\sqlalchemy\orm\session.py", line 2144, in _execute_internal
    result: Result[Any] = compile_state_cls.orm_execute_statement(
                          ^^^^^^^^^^^^^^^^^^^^^^^^^^^^^^^^^^^^^^^^
  File "D:\MIT\backend\.venv\Lib\site-packages\sqlalchemy\orm\context.py", line 293, in orm_execute_statement
    result = conn.execute(
             ^^^^^^^^^^^^^
  File "D:\MIT\backend\.venv\Lib\site-packages\sqlalchemy\engine\base.py", line 1412, in execute
    return meth(
           ^^^^^
  File "D:\MIT\backend\.venv\Lib\site-packages\sqlalchemy\sql\elements.py", line 515, in _execute_on_connection
    return connection._execute_clauseelement(
           ^^^^^^^^^^^^^^^^^^^^^^^^^^^^^^^^^^
  File "D:\MIT\backend\.venv\Lib\site-packages\sqlalchemy\engine\base.py", line 1635, in _execute_clauseelement
    ret = self._execute_context(
          ^^^^^^^^^^^^^^^^^^^^^^
  File "D:\MIT\backend\.venv\Lib\site-packages\sqlalchemy\engine\base.py", line 1844, in _execute_context
    return self._exec_single_context(
           ^^^^^^^^^^^^^^^^^^^^^^^^^^
  File "D:\MIT\backend\.venv\Lib\site-packages\sqlalchemy\engine\base.py", line 1984, in _exec_single_context
    self._handle_dbapi_exception(
  File "D:\MIT\backend\.venv\Lib\site-packages\sqlalchemy\engine\base.py", line 2342, in _handle_dbapi_exception
    raise exc_info[1].with_traceback(exc_info[2])
  File "D:\MIT\backend\.venv\Lib\site-packages\sqlalchemy\engine\base.py", line 1965, in _exec_single_context
    self.dialect.do_execute(
  File "D:\MIT\backend\.venv\Lib\site-packages\sqlalchemy\engine\default.py", line 921, in do_execute
    cursor.execute(statement, parameters)
  File "D:\MIT\backend\.venv\Lib\site-packages\sqlalchemy\dialects\postgresql\asyncpg.py", line 585, in execute
    self._adapt_connection.await_(
  File "D:\MIT\backend\.venv\Lib\site-packages\sqlalchemy\util\_concurrency_py3k.py", line 116, in await_only
    raise exc.MissingGreenlet(
sqlalchemy.exc.MissingGreenlet: greenlet_spawn has not been called; can't call await_only() here. Was IO attempted in an unexpected place? (Background on this error at: https://sqlalche.me/e/20/xd2s)
ERROR:app_error:Unhandled exception: GET /api/v1/matrix/17 - type object 'MatrixRule' has no attribute 'knowledge_node'
Traceback (most recent call last):
  File "D:\MIT\backend\.venv\Lib\site-packages\starlette\middleware\errors.py", line 162, in __call__
    await self.app(scope, receive, _send)
  File "D:\MIT\backend\.venv\Lib\site-packages\starlette\middleware\cors.py", line 91, in __call__
    await self.simple_response(scope, receive, send, request_headers=headers)
  File "D:\MIT\backend\.venv\Lib\site-packages\starlette\middleware\cors.py", line 146, in simple_response
    await self.app(scope, receive, send)
  File "D:\MIT\backend\app\main.py", line 41, in __call__
    await self.app(scope, receive, send)
  File "D:\MIT\backend\.venv\Lib\site-packages\starlette\middleware\exceptions.py", line 79, in __call__
    raise exc
  File "D:\MIT\backend\.venv\Lib\site-packages\starlette\middleware\exceptions.py", line 68, in __call__
    await self.app(scope, receive, sender)
  File "C:\Users\LENOVO\AppData\Local\Programs\Python\Python311\Lib\contextlib.py", line 222, in __aexit__
    await self.gen.athrow(typ, value, traceback)
  File "D:\MIT\backend\app\db\database.py", line 21, in get_db
    yield session
  File "D:\MIT\backend\.venv\Lib\site-packages\fastapi\middleware\asyncexitstack.py", line 20, in __call__
    raise e
  File "D:\MIT\backend\.venv\Lib\site-packages\fastapi\middleware\asyncexitstack.py", line 17, in __call__
    await self.app(scope, receive, send)
  File "D:\MIT\backend\.venv\Lib\site-packages\starlette\routing.py", line 718, in __call__
    await route.handle(scope, receive, send)
  File "D:\MIT\backend\.venv\Lib\site-packages\starlette\routing.py", line 276, in handle
    await self.app(scope, receive, send)
  File "D:\MIT\backend\.venv\Lib\site-packages\starlette\routing.py", line 66, in app
    response = await func(request)
               ^^^^^^^^^^^^^^^^^^^
  File "D:\MIT\backend\.venv\Lib\site-packages\fastapi\routing.py", line 273, in app
    raw_response = await run_endpoint_function(
                   ^^^^^^^^^^^^^^^^^^^^^^^^^^^^
  File "D:\MIT\backend\.venv\Lib\site-packages\fastapi\routing.py", line 190, in run_endpoint_function
    return await dependant.call(**values)
           ^^^^^^^^^^^^^^^^^^^^^^^^^^^^^^
  File "D:\MIT\backend\app\api\v1\matrix.py", line 42, in get_matrix
    selectinload(Matrix.rules).selectinload(MatrixRule.knowledge_node),
                                            ^^^^^^^^^^^^^^^^^^^^^^^^^
AttributeError: type object 'MatrixRule' has no attribute 'knowledge_node'
ERROR:    Exception in ASGI application
Traceback (most recent call last):
  File "D:\MIT\backend\.venv\Lib\site-packages\uvicorn\protocols\http\h11_impl.py", line 408, in run_asgi
    result = await app(  # type: ignore[func-returns-value]
             ^^^^^^^^^^^^^^^^^^^^^^^^^^^^^^^^^^^^^^^^^^^^^^
  File "D:\MIT\backend\.venv\Lib\site-packages\uvicorn\middleware\proxy_headers.py", line 84, in __call__
    return await self.app(scope, receive, send)
           ^^^^^^^^^^^^^^^^^^^^^^^^^^^^^^^^^^^^
  File "D:\MIT\backend\.venv\Lib\site-packages\fastapi\applications.py", line 292, in __call__
    await super().__call__(scope, receive, send)
  File "D:\MIT\backend\.venv\Lib\site-packages\starlette\applications.py", line 122, in __call__
    await self.middleware_stack(scope, receive, send)
  File "D:\MIT\backend\.venv\Lib\site-packages\starlette\middleware\errors.py", line 184, in __call__
    raise exc
  File "D:\MIT\backend\.venv\Lib\site-packages\starlette\middleware\errors.py", line 162, in __call__
    await self.app(scope, receive, _send)
  File "D:\MIT\backend\.venv\Lib\site-packages\starlette\middleware\cors.py", line 91, in __call__
    await self.simple_response(scope, receive, send, request_headers=headers)
  File "D:\MIT\backend\.venv\Lib\site-packages\starlette\middleware\cors.py", line 146, in simple_response
    await self.app(scope, receive, send)
  File "D:\MIT\backend\app\main.py", line 41, in __call__
    await self.app(scope, receive, send)
  File "D:\MIT\backend\.venv\Lib\site-packages\starlette\middleware\exceptions.py", line 79, in __call__
    raise exc
  File "D:\MIT\backend\.venv\Lib\site-packages\starlette\middleware\exceptions.py", line 68, in __call__
    await self.app(scope, receive, sender)
  File "C:\Users\LENOVO\AppData\Local\Programs\Python\Python311\Lib\contextlib.py", line 222, in __aexit__
    await self.gen.athrow(typ, value, traceback)
  File "D:\MIT\backend\app\db\database.py", line 21, in get_db
    yield session
  File "D:\MIT\backend\.venv\Lib\site-packages\fastapi\middleware\asyncexitstack.py", line 20, in __call__
    raise e
  File "D:\MIT\backend\.venv\Lib\site-packages\fastapi\middleware\asyncexitstack.py", line 17, in __call__
    await self.app(scope, receive, send)
  File "D:\MIT\backend\.venv\Lib\site-packages\starlette\routing.py", line 718, in __call__
    await route.handle(scope, receive, send)
  File "D:\MIT\backend\.venv\Lib\site-packages\starlette\routing.py", line 276, in handle
    await self.app(scope, receive, send)
  File "D:\MIT\backend\.venv\Lib\site-packages\starlette\routing.py", line 66, in app
    response = await func(request)
               ^^^^^^^^^^^^^^^^^^^
  File "D:\MIT\backend\.venv\Lib\site-packages\fastapi\routing.py", line 273, in app
    raw_response = await run_endpoint_function(
                   ^^^^^^^^^^^^^^^^^^^^^^^^^^^^
  File "D:\MIT\backend\.venv\Lib\site-packages\fastapi\routing.py", line 190, in run_endpoint_function
    return await dependant.call(**values)
           ^^^^^^^^^^^^^^^^^^^^^^^^^^^^^^
  File "D:\MIT\backend\app\api\v1\matrix.py", line 42, in get_matrix
    selectinload(Matrix.rules).selectinload(MatrixRule.knowledge_node),
                                            ^^^^^^^^^^^^^^^^^^^^^^^^^
AttributeError: type object 'MatrixRule' has no attribute 'knowledge_node'
ERROR:app_error:Unhandled exception: GET /api/v1/matrix/17 - type object 'MatrixRule' has no attribute 'knowledge_node'
Traceback (most recent call last):
  File "D:\MIT\backend\.venv\Lib\site-packages\starlette\middleware\errors.py", line 162, in __call__
    await self.app(scope, receive, _send)
  File "D:\MIT\backend\.venv\Lib\site-packages\starlette\middleware\cors.py", line 91, in __call__
    await self.simple_response(scope, receive, send, request_headers=headers)
  File "D:\MIT\backend\.venv\Lib\site-packages\starlette\middleware\cors.py", line 146, in simple_response
    await self.app(scope, receive, send)
  File "D:\MIT\backend\app\main.py", line 41, in __call__
    await self.app(scope, receive, send)
  File "D:\MIT\backend\.venv\Lib\site-packages\starlette\middleware\exceptions.py", line 79, in __call__
    raise exc
  File "D:\MIT\backend\.venv\Lib\site-packages\starlette\middleware\exceptions.py", line 68, in __call__
    await self.app(scope, receive, sender)
  File "C:\Users\LENOVO\AppData\Local\Programs\Python\Python311\Lib\contextlib.py", line 222, in __aexit__
    await self.gen.athrow(typ, value, traceback)
  File "D:\MIT\backend\app\db\database.py", line 21, in get_db
    yield session
  File "D:\MIT\backend\.venv\Lib\site-packages\fastapi\middleware\asyncexitstack.py", line 20, in __call__
    raise e
  File "D:\MIT\backend\.venv\Lib\site-packages\fastapi\middleware\asyncexitstack.py", line 17, in __call__
    await self.app(scope, receive, send)
  File "D:\MIT\backend\.venv\Lib\site-packages\starlette\routing.py", line 718, in __call__
    await route.handle(scope, receive, send)
  File "D:\MIT\backend\.venv\Lib\site-packages\starlette\routing.py", line 276, in handle
    await self.app(scope, receive, send)
  File "D:\MIT\backend\.venv\Lib\site-packages\starlette\routing.py", line 66, in app
    response = await func(request)
               ^^^^^^^^^^^^^^^^^^^
  File "D:\MIT\backend\.venv\Lib\site-packages\fastapi\routing.py", line 273, in app
    raw_response = await run_endpoint_function(
                   ^^^^^^^^^^^^^^^^^^^^^^^^^^^^
  File "D:\MIT\backend\.venv\Lib\site-packages\fastapi\routing.py", line 190, in run_endpoint_function
    return await dependant.call(**values)
           ^^^^^^^^^^^^^^^^^^^^^^^^^^^^^^
  File "D:\MIT\backend\app\api\v1\matrix.py", line 42, in get_matrix
    selectinload(Matrix.rules).selectinload(MatrixRule.knowledge_node),
                                            ^^^^^^^^^^^^^^^^^^^^^^^^^
AttributeError: type object 'MatrixRule' has no attribute 'knowledge_node'
ERROR:    Exception in ASGI application
Traceback (most recent call last):
  File "D:\MIT\backend\.venv\Lib\site-packages\uvicorn\protocols\http\h11_impl.py", line 408, in run_asgi
    result = await app(  # type: ignore[func-returns-value]
             ^^^^^^^^^^^^^^^^^^^^^^^^^^^^^^^^^^^^^^^^^^^^^^
  File "D:\MIT\backend\.venv\Lib\site-packages\uvicorn\middleware\proxy_headers.py", line 84, in __call__
    return await self.app(scope, receive, send)
           ^^^^^^^^^^^^^^^^^^^^^^^^^^^^^^^^^^^^
  File "D:\MIT\backend\.venv\Lib\site-packages\fastapi\applications.py", line 292, in __call__
    await super().__call__(scope, receive, send)
  File "D:\MIT\backend\.venv\Lib\site-packages\starlette\applications.py", line 122, in __call__
    await self.middleware_stack(scope, receive, send)
  File "D:\MIT\backend\.venv\Lib\site-packages\starlette\middleware\errors.py", line 184, in __call__
    raise exc
  File "D:\MIT\backend\.venv\Lib\site-packages\starlette\middleware\errors.py", line 162, in __call__
    await self.app(scope, receive, _send)
  File "D:\MIT\backend\.venv\Lib\site-packages\starlette\middleware\cors.py", line 91, in __call__
    await self.simple_response(scope, receive, send, request_headers=headers)
  File "D:\MIT\backend\.venv\Lib\site-packages\starlette\middleware\cors.py", line 146, in simple_response
    await self.app(scope, receive, send)
  File "D:\MIT\backend\app\main.py", line 41, in __call__
    await self.app(scope, receive, send)
  File "D:\MIT\backend\.venv\Lib\site-packages\starlette\middleware\exceptions.py", line 79, in __call__
    raise exc
  File "D:\MIT\backend\.venv\Lib\site-packages\starlette\middleware\exceptions.py", line 68, in __call__
    await self.app(scope, receive, sender)
  File "C:\Users\LENOVO\AppData\Local\Programs\Python\Python311\Lib\contextlib.py", line 222, in __aexit__
    await self.gen.athrow(typ, value, traceback)
  File "D:\MIT\backend\app\db\database.py", line 21, in get_db
    yield session
  File "D:\MIT\backend\.venv\Lib\site-packages\fastapi\middleware\asyncexitstack.py", line 20, in __call__
    raise e
  File "D:\MIT\backend\.venv\Lib\site-packages\fastapi\middleware\asyncexitstack.py", line 17, in __call__
    await self.app(scope, receive, send)
  File "D:\MIT\backend\.venv\Lib\site-packages\starlette\routing.py", line 718, in __call__
    await route.handle(scope, receive, send)
  File "D:\MIT\backend\.venv\Lib\site-packages\starlette\routing.py", line 276, in handle
    await self.app(scope, receive, send)
  File "D:\MIT\backend\.venv\Lib\site-packages\starlette\routing.py", line 66, in app
    response = await func(request)
               ^^^^^^^^^^^^^^^^^^^
  File "D:\MIT\backend\.venv\Lib\site-packages\fastapi\routing.py", line 273, in app
    raw_response = await run_endpoint_function(
                   ^^^^^^^^^^^^^^^^^^^^^^^^^^^^
  File "D:\MIT\backend\.venv\Lib\site-packages\fastapi\routing.py", line 190, in run_endpoint_function
    return await dependant.call(**values)
           ^^^^^^^^^^^^^^^^^^^^^^^^^^^^^^
  File "D:\MIT\backend\app\api\v1\matrix.py", line 42, in get_matrix
    selectinload(Matrix.rules).selectinload(MatrixRule.knowledge_node),
                                            ^^^^^^^^^^^^^^^^^^^^^^^^^
AttributeError: type object 'MatrixRule' has no attribute 'knowledge_node'
ERROR:app_error:Unhandled exception: GET /api/v1/matrix/17 - type object 'MatrixRule' has no attribute 'knowledge_node'
Traceback (most recent call last):
  File "D:\MIT\backend\.venv\Lib\site-packages\starlette\middleware\errors.py", line 162, in __call__
    await self.app(scope, receive, _send)
  File "D:\MIT\backend\.venv\Lib\site-packages\starlette\middleware\cors.py", line 91, in __call__
    await self.simple_response(scope, receive, send, request_headers=headers)
  File "D:\MIT\backend\.venv\Lib\site-packages\starlette\middleware\cors.py", line 146, in simple_response
    await self.app(scope, receive, send)
  File "D:\MIT\backend\app\main.py", line 41, in __call__
    await self.app(scope, receive, send)
  File "D:\MIT\backend\.venv\Lib\site-packages\starlette\middleware\exceptions.py", line 79, in __call__
    raise exc
  File "D:\MIT\backend\.venv\Lib\site-packages\starlette\middleware\exceptions.py", line 68, in __call__
    await self.app(scope, receive, sender)
  File "C:\Users\LENOVO\AppData\Local\Programs\Python\Python311\Lib\contextlib.py", line 222, in __aexit__
    await self.gen.athrow(typ, value, traceback)
  File "D:\MIT\backend\app\db\database.py", line 21, in get_db
    yield session
  File "D:\MIT\backend\.venv\Lib\site-packages\fastapi\middleware\asyncexitstack.py", line 20, in __call__
    raise e
  File "D:\MIT\backend\.venv\Lib\site-packages\fastapi\middleware\asyncexitstack.py", line 17, in __call__
    await self.app(scope, receive, send)
  File "D:\MIT\backend\.venv\Lib\site-packages\starlette\routing.py", line 718, in __call__
    await route.handle(scope, receive, send)
  File "D:\MIT\backend\.venv\Lib\site-packages\starlette\routing.py", line 276, in handle
    await self.app(scope, receive, send)
  File "D:\MIT\backend\.venv\Lib\site-packages\starlette\routing.py", line 66, in app
    response = await func(request)
               ^^^^^^^^^^^^^^^^^^^
  File "D:\MIT\backend\.venv\Lib\site-packages\fastapi\routing.py", line 273, in app
    raw_response = await run_endpoint_function(
                   ^^^^^^^^^^^^^^^^^^^^^^^^^^^^
  File "D:\MIT\backend\.venv\Lib\site-packages\fastapi\routing.py", line 190, in run_endpoint_function
    return await dependant.call(**values)
           ^^^^^^^^^^^^^^^^^^^^^^^^^^^^^^
  File "D:\MIT\backend\app\api\v1\matrix.py", line 42, in get_matrix
    selectinload(Matrix.rules).selectinload(MatrixRule.knowledge_node),
                                            ^^^^^^^^^^^^^^^^^^^^^^^^^
AttributeError: type object 'MatrixRule' has no attribute 'knowledge_node'
ERROR:    Exception in ASGI application
Traceback (most recent call last):
  File "D:\MIT\backend\.venv\Lib\site-packages\uvicorn\protocols\http\h11_impl.py", line 408, in run_asgi
    result = await app(  # type: ignore[func-returns-value]
             ^^^^^^^^^^^^^^^^^^^^^^^^^^^^^^^^^^^^^^^^^^^^^^
  File "D:\MIT\backend\.venv\Lib\site-packages\uvicorn\middleware\proxy_headers.py", line 84, in __call__
    return await self.app(scope, receive, send)
           ^^^^^^^^^^^^^^^^^^^^^^^^^^^^^^^^^^^^
  File "D:\MIT\backend\.venv\Lib\site-packages\fastapi\applications.py", line 292, in __call__
    await super().__call__(scope, receive, send)
  File "D:\MIT\backend\.venv\Lib\site-packages\starlette\applications.py", line 122, in __call__
    await self.middleware_stack(scope, receive, send)
  File "D:\MIT\backend\.venv\Lib\site-packages\starlette\middleware\errors.py", line 184, in __call__
    raise exc
  File "D:\MIT\backend\.venv\Lib\site-packages\starlette\middleware\errors.py", line 162, in __call__
    await self.app(scope, receive, _send)
  File "D:\MIT\backend\.venv\Lib\site-packages\starlette\middleware\cors.py", line 91, in __call__
    await self.simple_response(scope, receive, send, request_headers=headers)
  File "D:\MIT\backend\.venv\Lib\site-packages\starlette\middleware\cors.py", line 146, in simple_response
    await self.app(scope, receive, send)
  File "D:\MIT\backend\app\main.py", line 41, in __call__
    await self.app(scope, receive, send)
  File "D:\MIT\backend\.venv\Lib\site-packages\starlette\middleware\exceptions.py", line 79, in __call__
    raise exc
  File "D:\MIT\backend\.venv\Lib\site-packages\starlette\middleware\exceptions.py", line 68, in __call__
    await self.app(scope, receive, sender)
  File "C:\Users\LENOVO\AppData\Local\Programs\Python\Python311\Lib\contextlib.py", line 222, in __aexit__
    await self.gen.athrow(typ, value, traceback)
  File "D:\MIT\backend\app\db\database.py", line 21, in get_db
    yield session
  File "D:\MIT\backend\.venv\Lib\site-packages\fastapi\middleware\asyncexitstack.py", line 20, in __call__
    raise e
  File "D:\MIT\backend\.venv\Lib\site-packages\fastapi\middleware\asyncexitstack.py", line 17, in __call__
    await self.app(scope, receive, send)
  File "D:\MIT\backend\.venv\Lib\site-packages\starlette\routing.py", line 718, in __call__
    await route.handle(scope, receive, send)
  File "D:\MIT\backend\.venv\Lib\site-packages\starlette\routing.py", line 276, in handle
    await self.app(scope, receive, send)
  File "D:\MIT\backend\.venv\Lib\site-packages\starlette\routing.py", line 66, in app
    response = await func(request)
               ^^^^^^^^^^^^^^^^^^^
  File "D:\MIT\backend\.venv\Lib\site-packages\fastapi\routing.py", line 273, in app
    raw_response = await run_endpoint_function(
                   ^^^^^^^^^^^^^^^^^^^^^^^^^^^^
  File "D:\MIT\backend\.venv\Lib\site-packages\fastapi\routing.py", line 190, in run_endpoint_function
    return await dependant.call(**values)
           ^^^^^^^^^^^^^^^^^^^^^^^^^^^^^^
  File "D:\MIT\backend\app\api\v1\matrix.py", line 42, in get_matrix
    selectinload(Matrix.rules).selectinload(MatrixRule.knowledge_node),
                                            ^^^^^^^^^^^^^^^^^^^^^^^^^
AttributeError: type object 'MatrixRule' has no attribute 'knowledge_node'
ERROR:root:Token unverified header: {'alg': 'ES256', 'kid': 'e3bd9413-6321-409c-a209-f18d6307bdb4', 'typ': 'JWT'}
INFO:     ('127.0.0.1', 51861) - "WebSocket /ws/online" [accepted]
INFO:     connection open
INFO:     connection closed
ERROR:root:Token unverified header: {'alg': 'ES256', 'kid': 'e3bd9413-6321-409c-a209-f18d6307bdb4', 'typ': 'JWT'}
INFO:     ('127.0.0.1', 57178) - "WebSocket /ws/online" [accepted]
INFO:     connection open
INFO:     connection closed
ERROR:root:Token unverified header: {'alg': 'ES256', 'kid': 'e3bd9413-6321-409c-a209-f18d6307bdb4', 'typ': 'JWT'}
ERROR:root:Token unverified header: {'alg': 'ES256', 'kid': 'e3bd9413-6321-409c-a209-f18d6307bdb4', 'typ': 'JWT'}
INFO:     connection closed
