
> frontend@0.0.0 dev
> vite


  [32m[1mVITE[22m v5.4.21[39m  [2mready in [0m[1m7176[22m[2m[0m ms[22m

  [32m➜[39m  [1mLocal[22m:   [36mhttp://localhost:[1m5173[22m/[39m
[2m  [32m➜[39m  [1mNetwork[22m[2m: use [22m[1m--host[22m[2m to expose[22m
[2m[32m  ➜[39m[22m[2m  press [22m[1mh + enter[22m[2m to show help[22m
[2m10:38:43 PM[22m [36m[1m[vite][22m[39m [32mhmr update [39m[2m/src/App.tsx, /src/index.css[22m
[2m10:38:46 PM[22m [36m[1m[vite][22m[39m [32mhmr update [39m[2m/src/App.tsx, /src/index.css[22m
[2m10:38:49 PM[22m [36m[1m[vite][22m[39m [32mhmr update [39m[2m/src/pages/student/StudentExamShell.tsx, /src/index.css[22m
[2m10:38:52 PM[22m [36m[1m[vite][22m[39m [32mhmr update [39m[2m/src/pages/student/StudentExamShell.tsx, /src/index.css[22m
[2m10:55:15 PM[22m [36m[1m[vite][22m[39m [32mpage reload [39m[2msrc/types/index.ts[22m
[2m10:55:15 PM[22m [36m[1m[vite][22m[39m [32mpage reload [39m[2msrc/pages/admin/analytics/TeacherAnalyticsPage.tsx[22m
[2m10:55:15 PM[22m [36m[1m[vite][22m[39m [32mhmr update [39m[2m/src/pages/admin/QuestionsPage.tsx, /src/index.css[22m
[2m10:55:15 PM[22m [36m[1m[vite][22m[39m [32mhmr update [39m[2m/src/pages/admin/ExamComparePage.tsx, /src/index.css[22m
[2m10:55:15 PM[22m [36m[1m[vite][22m[39m [32mhmr update [39m[2m/src/pages/admin/ObsidianPage.tsx, /src/index.css[22m
[2m10:56:43 PM[22m [36m[1m[vite][22m[39m [32mpage reload [39m[2msrc/pages/admin/analytics/StudentAnalyticsPage.tsx[22m
[2m10:56:43 PM[22m [36m[1m[vite][22m[39m [32mhmr update [39m[2m/src/pages/admin/analytics/StudentManagementPage.tsx, /src/index.css[22m
[2m10:56:43 PM[22m [36m[1m[vite][22m[39m [32mhmr update [39m[2m/src/pages/admin/ObsidianPage.tsx, /src/index.css[22m
[2m10:56:54 PM[22m [36m[1m[vite][22m[39m [32mhmr update [39m[2m/src/pages/admin/ObsidianPage.tsx, /src/index.css[22m
[2m10:57:03 PM[22m [36m[1m[vite][22m[39m [32mpage reload [39m[2msrc/types/index.ts[22m
[2m10:57:03 PM[22m [36m[1m[vite][22m[39m [32mhmr update [39m[2m/src/pages/admin/QuestionsPage.tsx, /src/index.css[22m
[2m10:57:03 PM[22m [36m[1m[vite][22m[39m [32mhmr update [39m[2m/src/pages/admin/ExamComparePage.tsx, /src/index.css[22m
[2m10:57:04 PM[22m [36m[1m[vite][22m[39m [32mhmr update [39m[2m/src/pages/admin/ObsidianPage.tsx, /src/index.css[22m
[2m10:57:04 PM[22m [36m[1m[vite][22m[39m [32mpage reload [39m[2msrc/pages/admin/analytics/TeacherAnalyticsPage.tsx[22m
[2m10:57:04 PM[22m [36m[1m[vite][22m[39m [32mhmr update [39m[2m/src/pages/admin/analytics/StudentManagementPage.tsx, /src/index.css[22m
[2m10:57:04 PM[22m [36m[1m[vite][22m[39m [32mpage reload [39m[2msrc/pages/admin/analytics/StudentAnalyticsPage.tsx[22m
[2m10:57:43 PM[22m [36m[1m[vite][22m[39m [32mhmr update [39m[2m/src/pages/admin/ObsidianPage.tsx, /src/index.css[22m
[2m10:57:43 PM[22m [36m[1m[vite][22m[39m [32mhmr update [39m[2m/src/components/editor/MarkdownEditor.tsx, /src/index.css[22m
[2m10:58:56 PM[22m [36m[1m[vite][22m[39m [32mhmr update [39m[2m/src/pages/admin/ObsidianPage.tsx, /src/index.css[22m
[2m10:58:56 PM[22m [36m[1m[vite][22m[39m [32mhmr update [39m[2m/src/components/editor/MarkdownEditor.tsx, /src/index.css[22m
[2m10:59:26 PM[22m [36m[1m[vite][22m[39m [32mhmr update [39m[2m/src/components/admin/passage/PassageGroupPreview.tsx, /src/index.css[22m
[2m10:59:26 PM[22m [36m[1m[vite][22m[39m [32mhmr update [39m[2m/src/components/admin/passage/PassageGroupWizard.tsx, /src/index.css[22m
[2m11:00:21 PM[22m [36m[1m[vite][22m[39m [32mhmr update [39m[2m/src/components/admin/passage/PassageGroupPreview.tsx, /src/index.css[22m
[2m11:00:21 PM[22m [36m[1m[vite][22m[39m [32mhmr update [39m[2m/src/components/admin/passage/PassageGroupWizard.tsx, /src/index.css[22m
